Component: ARM Compiler 5.06 update 3 (build 300) Tool: armlink [4d35c9]

==============================================================================

Section Cross References

    startup_stm32f10x_hd.o(RESET) refers to startup_stm32f10x_hd.o(STACK) for __initial_sp
    startup_stm32f10x_hd.o(RESET) refers to startup_stm32f10x_hd.o(.text) for Reset_Handler
    startup_stm32f10x_hd.o(RESET) refers to stm32f10x_it.o(i.NMI_Handler) for NMI_Handler
    startup_stm32f10x_hd.o(RESET) refers to stm32f10x_it.o(i.HardFault_Handler) for HardFault_Handler
    startup_stm32f10x_hd.o(RESET) refers to stm32f10x_it.o(i.MemManage_Handler) for MemManage_Handler
    startup_stm32f10x_hd.o(RESET) refers to stm32f10x_it.o(i.BusFault_Handler) for BusFault_Handler
    startup_stm32f10x_hd.o(RESET) refers to stm32f10x_it.o(i.UsageFault_Handler) for UsageFault_Handler
    startup_stm32f10x_hd.o(RESET) refers to stm32f10x_it.o(i.SVC_Handler) for SVC_Handler
    startup_stm32f10x_hd.o(RESET) refers to stm32f10x_it.o(i.DebugMon_Handler) for DebugMon_Handler
    startup_stm32f10x_hd.o(RESET) refers to systick.o(i.SysTick_Handler) for SysTick_Handler
    startup_stm32f10x_hd.o(RESET) refers to stm32f10x_it.o(i.EXTI1_IRQHandler) for EXTI1_IRQHandler
    startup_stm32f10x_hd.o(RESET) refers to stm32f10x_it.o(i.EXTI4_IRQHandler) for EXTI4_IRQHandler
    startup_stm32f10x_hd.o(RESET) refers to stm32f10x_it.o(i.DMA1_Channel1_IRQHandler) for DMA1_Channel1_IRQHandler
    startup_stm32f10x_hd.o(RESET) refers to stm32f10x_it.o(i.ADC1_2_IRQHandler) for ADC1_2_IRQHandler
    startup_stm32f10x_hd.o(RESET) refers to stm32f10x_it.o(i.USB_LP_CAN1_RX0_IRQHandler) for USB_LP_CAN1_RX0_IRQHandler
    startup_stm32f10x_hd.o(RESET) refers to stm32f10x_it.o(i.CAN1_RX1_IRQHandler) for CAN1_RX1_IRQHandler
    startup_stm32f10x_hd.o(RESET) refers to stm32f10x_it.o(i.EXTI9_5_IRQHandler) for EXTI9_5_IRQHandler
    startup_stm32f10x_hd.o(RESET) refers to stm32f10x_it.o(i.TIM1_BRK_IRQHandler) for TIM1_BRK_IRQHandler
    startup_stm32f10x_hd.o(RESET) refers to stm32f10x_it.o(i.TIM1_TRG_COM_IRQHandler) for TIM1_TRG_COM_IRQHandler
    startup_stm32f10x_hd.o(RESET) refers to stm32f10x_it.o(i.TIM1_CC_IRQHandler) for TIM1_CC_IRQHandler
    startup_stm32f10x_hd.o(RESET) refers to stm32f10x_it.o(i.TIM2_IRQHandler) for TIM2_IRQHandler
    startup_stm32f10x_hd.o(RESET) refers to stm32f10x_it.o(i.TIM3_IRQHandler) for TIM3_IRQHandler
    startup_stm32f10x_hd.o(RESET) refers to stm32f10x_it.o(i.TIM4_IRQHandler) for TIM4_IRQHandler
    startup_stm32f10x_hd.o(RESET) refers to usart.o(i.USART1_IRQHandler) for USART1_IRQHandler
    startup_stm32f10x_hd.o(RESET) refers to usart.o(i.USART3_IRQHandler) for USART3_IRQHandler
    startup_stm32f10x_hd.o(RESET) refers to stm32f10x_it.o(i.EXTI15_10_IRQHandler) for EXTI15_10_IRQHandler
    startup_stm32f10x_hd.o(RESET) refers to stm32f10x_it.o(i.TIM8_UP_IRQHandler) for TIM8_UP_IRQHandler
    startup_stm32f10x_hd.o(RESET) refers to stm32f10x_it.o(i.TIM8_CC_IRQHandler) for TIM8_CC_IRQHandler
    startup_stm32f10x_hd.o(RESET) refers to usart.o(i.UART4_IRQHandler) for UART4_IRQHandler
    startup_stm32f10x_hd.o(RESET) refers to stm32f10x_it.o(i.TIM6_IRQHandler) for TIM6_IRQHandler
    startup_stm32f10x_hd.o(RESET) refers to stm32f10x_it.o(i.TIM7_IRQHandler) for TIM7_IRQHandler
    startup_stm32f10x_hd.o(.text) refers to system_stm32f10x.o(i.SystemInit) for SystemInit
    startup_stm32f10x_hd.o(.text) refers to entry.o(.ARM.Collect$$$$00000000) for __main
    main.o(i.init_sys_sta) refers to motor.o(i.motor_run) for motor_run
    main.o(i.init_sys_sta) refers to stm32f10x_gpio.o(i.GPIO_ResetBits) for GPIO_ResetBits
    main.o(i.init_sys_sta) refers to usart.o(i.log_printf) for log_printf
    main.o(i.init_sys_sta) refers to systick.o(i.delay_ms) for delay_ms
    main.o(i.init_sys_sta) refers to iclean.o(.data) for sys
    main.o(i.init_sys_sta) refers to navigation.o(.data) for navigat
    main.o(i.init_sys_status) refers to usart.o(i.log_printf) for log_printf
    main.o(i.init_sys_status) refers to i2c.o(i.I2C_WriteS_24C) for I2C_WriteS_24C
    main.o(i.init_sys_status) refers to mcu_api.o(i.mcu_dp_value_update) for mcu_dp_value_update
    main.o(i.init_sys_status) refers to motor.o(i.motor_run) for motor_run
    main.o(i.init_sys_status) refers to cfg.o(i.save_cfg) for save_cfg
    main.o(i.init_sys_status) refers to systick.o(i.timer5_config) for timer5_config
    main.o(i.init_sys_status) refers to pid.o(i.pd_gyro_int) for pd_gyro_int
    main.o(i.init_sys_status) refers to navigation.o(i.navigat_init) for navigat_init
    main.o(i.init_sys_status) refers to ny3p.o(i.ny3p_play) for ny3p_play
    main.o(i.init_sys_status) refers to test_mode.o(i.proc_burn_in_init) for proc_burn_in_init
    main.o(i.init_sys_status) refers to navigation.o(i.init_focus_task) for init_focus_task
    main.o(i.init_sys_status) refers to gyro.o(i.illegal_copy_tell_13757122544_gsend) for illegal_copy_tell_13757122544_gsend
[...]
    motor_turn                               0x08015129   Thumb Code   228  motor.o(i.motor_turn)
    motor_turn_circle                        0x0801524d   Thumb Code   576  motor.o(i.motor_turn_circle)
    motor_turn_dir                           0x08015569   Thumb Code   192  motor.o(i.motor_turn_dir)
    motor_turn_lidar                         0x0801562d   Thumb Code   272  charge.o(i.motor_turn_lidar)
    motor_wheel_backward                     0x08015795   Thumb Code   142  motor.o(i.motor_wheel_backward)
    motor_wheel_forward                      0x08015831   Thumb Code   142  motor.o(i.motor_wheel_forward)
    motor_wheel_stop                         0x080158cd   Thumb Code   124  motor.o(i.motor_wheel_stop)
    mpu6500_date_offset                      0x0801594d   Thumb Code   152  mpu6500.o(i.mpu6500_date_offset)
    mpy6500_read_gyro                        0x08015a1d   Thumb Code   136  mpu6500.o(i.mpy6500_read_gyro)
    mstimeout                                0x08015aad   Thumb Code    26  systick.o(i.mstimeout)
    my_memcpy                                0x08015acd   Thumb Code    68  mcu_api.o(i.my_memcpy)
    navigat_init                             0x08015b11   Thumb Code  2258  navigation.o(i.navigat_init)
    navigat_near_wall_pid                    0x08016499   Thumb Code    90  pid.o(i.navigat_near_wall_pid)
    near_large_round_360                     0x08016505   Thumb Code   790  action.o(i.near_large_round_360)
    near_wall_pid                            0x08016859   Thumb Code   814  gyro.o(i.near_wall_pid)
    nearwall_cross_map                       0x08016c35   Thumb Code   392  action.o(i.nearwall_cross_map)
    ny3p_init                                0x08016e5d   Thumb Code     2  ny3p.o(i.ny3p_init)
    ny3p_play                                0x08016e61   Thumb Code    80  ny3p.o(i.ny3p_play)
    p_gyro_calce                             0x08016ec9   Thumb Code   480  gyro.o(i.p_gyro_calce)
    pd_gyro_int                              0x080170e9   Thumb Code   194  pid.o(i.pd_gyro_int)
    printf_power_sta                         0x080171c1   Thumb Code    56  sensers.o(i.printf_power_sta)
    proc_back_pid                            0x0801720d   Thumb Code    60  motor.o(i.proc_back_pid)
    proc_bd_test_mode                        0x08017255   Thumb Code   168  test_mode.o(i.proc_bd_test_mode)
    proc_bdtest_task                         0x08017301   Thumb Code  6396  test_mode.o(i.proc_bdtest_task)
    proc_burn_in_init                        0x08018c01   Thumb Code   198  test_mode.o(i.proc_burn_in_init)
    proc_charge_task                         0x08018d2d   Thumb Code   830  charge.o(i.proc_charge_task)
    proc_com_test_mode                       0x08019155   Thumb Code   416  test_mode.o(i.proc_com_test_mode)
    proc_doc_ir                              0x08019309   Thumb Code   778  action.o(i.proc_doc_ir)
    proc_dock_near_bum                       0x080196c1   Thumb Code   178  action.o(i.proc_dock_near_bum)
    proc_key_task                            0x080197b9   Thumb Code  1820  key.o(i.proc_key_task)
    proc_line_pid                            0x08019f61   Thumb Code   134  motor.o(i.proc_line_pid)
    proc_mactest_task                        0x0801a011   Thumb Code  4464  test_mode.o(i.proc_mactest_task)
    proc_motor_run_task                      0x0801b18d   Thumb Code   700  action.o(i.proc_motor_run_task)
    proc_navigat_task                        0x0801b4c1   Thumb Code   102  navigation.o(i.proc_navigat_task)
    proc_nearwall_pid                        0x0801b531   Thumb Code   242  pid.o(i.proc_nearwall_pid)
    proc_random_task                         0x0801b655   Thumb Code   266  randclean.o(i.proc_random_task)
    proc_rx_msg                              0x0801b7a1   Thumb Code 10510  task_rx.o(i.proc_rx_msg)
    proc_uart_task                           0x0801e151   Thumb Code   422  usart.o(i.proc_uart_task)
    proc_wifiled_task                        0x0801e33d   Thumb Code   254  key.o(i.proc_wifiled_task)
    proc_z_go_bum                            0x0801e489   Thumb Code   862  navigation.o(i.proc_z_go_bum)
    put_usart3                               0x0801e971   Thumb Code    16  usart.o(i.put_usart3)
    r_motor_set_pwm                          0x0801e985   Thumb Code    62  motor.o(i.r_motor_set_pwm)
    r_motor_stop                             0x0801e9c9   Thumb Code    30  motor.o(i.r_motor_stop)
    ramote_pair_mode                         0x0801e9ed   Thumb Code   276  key.o(i.ramote_pair_mode)
    read_Flashbuf                            0x0801eb81   Thumb Code    24  cfg.o(i.read_Flashbuf)
    read_ir_data                             0x0801eb99   Thumb Code    52  sensers.o(i.read_ir_data)
    read_ir_data_timeout                     0x0801ebd1   Thumb Code    72  sensers.o(i.read_ir_data_timeout)
    read_ir_dock_knk                         0x0801ec1d   Thumb Code   162  sensers.o(i.read_ir_dock_knk)
    read_ir_original_data                    0x0801ecf5   Thumb Code    36  sensers.o(i.read_ir_original_data)
    reset_angle                              0x0801ed1d   Thumb Code    30  action.o(i.reset_angle)
    reset_cfg                                0x0801ed51   Thumb Code  1028  cfg.o(i.reset_cfg)
    reset_gyro                               0x0801f155   Thumb Code    62  action.o(i.reset_gyro)
    robot_run_ctrl                           0x0801f1c1   Thumb Code    54  iclean.o(i.robot_run_ctrl)
    robot_turn_deg                           0x0801f1fd   Thumb Code  1266  action.o(i.robot_turn_deg)
    robot_usart_test_cmd                     0x0801f70d   Thumb Code   878  randclean.o(i.robot_usart_test_cmd)
    robot_whele_stop                         0x0801fb39   Thumb Code    12  map.o(i.robot_whele_stop)
    rx_usart                                 0x0801fb49   Thumb Code   164  task_rx.o(i.rx_usart)
    save_cfg                                 0x0801fc05   Thumb Code    94  cfg.o(i.save_cfg)
    send_dp_led_err_contrl                   0x0801fc79   Thumb Code    50  dispprot.o(i.send_dp_led_err_contrl)
    senser_gpio_config                       0x0801fcad   Thumb Code   348  sensers.o(i.senser_gpio_config)
    set_compress_mem                         0x0801fe1d   Thumb Code   184  gyro.o(i.set_compress_mem)
    set_err_sta                              0x0801ff11   Thumb Code    20  dispprot.o(i.set_err_sta)
    set_ir_alter_dis                         0x0801ff25   Thumb Code    28  sensers.o(i.set_ir_alter_dis)
    set_led_sta                              0x0801ff5d   Thumb Code    86  dispprot.o(i.set_led_sta)
    set_mode_and_power_pro                   0x0801ffb5   Thumb Code  1774  motor.o(i.set_mode_and_power_pro)
    set_remote_flag                          0x08020715   Thumb Code    34  test_mode.o(i.set_remote_flag)
    set_u16_bit_sta                          0x0802073d   Thumb Code    30  dispprot.o(i.set_u16_bit_sta)
    set_walk_angle                           0x0802075d   Thumb Code   334  charge.o(i.set_walk_angle)
    set_wifi_uart_buffer                     0x08020901   Thumb Code    34  system.o(i.set_wifi_uart_buffer)
    set_wifi_uart_byte                       0x08020929   Thumb Code    12  system.o(i.set_wifi_uart_byte)
    sin                                      0x08020939   Thumb Code   150  sin.o(i.sin)
    single_whele_pid                         0x080209d9   Thumb Code   340  pid.o(i.single_whele_pid)
    sn_print                                 0x08020b91   Thumb Code    74  test_mode.o(i.sn_print)
    spi_cs                                   0x08020c05   Thumb Code    26  spi.o(i.spi_cs)
    spi_master                               0x08020c25   Thumb Code   110  spi.o(i.spi_master)
    stream_start                             0x08020ca1   Thumb Code    20  mcu_api.o(i.stream_start)
    stream_stop                              0x08020cb9   Thumb Code   116  mcu_api.o(i.stream_stop)
    stream_trans                             0x08020d31   Thumb Code   126  mcu_api.o(i.stream_trans)
    test_mode_ul                             0x08020db5   Thumb Code   130  test_mode.o(i.test_mode_ul)
    test_seft_task                           0x08020e41   Thumb Code   166  task_rx.o(i.test_seft_task)
    timer1_init                              0x08020ef9   Thumb Code   158  motor.o(i.timer1_init)
    timer2_init                              0x08020fa5   Thumb Code   154  motor.o(i.timer2_init)
    timer5_config                            0x08021049   Thumb Code    54  systick.o(i.timer5_config)
    tmod_rx_uart                             0x08021085   Thumb Code   168  test_mode.o(i.tmod_rx_uart)
    turn_check_bum_pro                       0x08021151   Thumb Code   488  action.o(i.turn_check_bum_pro)
    turn_deg_test                            0x08021459   Thumb Code   406  action.o(i.turn_deg_test)
    turn_delay                               0x08021685   Thumb Code   300  systick.o(i.turn_delay)
    turn_round_pid                           0x0802180d   Thumb Code   306  pid.o(i.turn_round_pid)
    turn_to_deg                              0x08021961   Thumb Code  1656  action.o(i.turn_to_deg)
    turn_to_deg_on_dir                       0x08022075   Thumb Code  1006  action.o(i.turn_to_deg_on_dir)
    tx_com_beep                              0x08022559   Thumb Code   194  test_mode.o(i.tx_com_beep)
    tx_com_dat                               0x08022621   Thumb Code   114  test_mode.o(i.tx_com_dat)
    tx_com_mac_dat                           0x08022693   Thumb Code    68  test_mode.o(i.tx_com_mac_dat)
    tx_dp_dat                                0x080226d7   Thumb Code    86  test_mode.o(i.tx_dp_dat)
    tx_msg                                   0x0802272d   Thumb Code    56  task_rx.o(i.tx_msg)
    tx_robot_msg                             0x08022765   Thumb Code   178  task_rx.o(i.tx_robot_msg)
    tx_sn                                    0x0802281d   Thumb Code    98  test_mode.o(i.tx_sn)
    uart_receive_input                       0x08022881   Thumb Code    88  mcu_api.o(i.uart_receive_input)
    uart_transmit_output                     0x080228e5   Thumb Code    12  protocol.o(i.uart_transmit_output)
    update_coordinate                        0x080228f1   Thumb Code   110  protocol.o(i.update_coordinate)
    update_wheelspeed                        0x0802296d   Thumb Code    80  protocol.o(i.update_wheelspeed)
    usart1_init                              0x080229d9   Thumb Code   136  usart.o(i.usart1_init)
    usart3_init                              0x08022a69   Thumb Code   174  usart.o(i.usart3_init)
    usart4_init                              0x08022b2d   Thumb Code   132  usart.o(i.usart4_init)
    usart4_read                              0x08022bbd   Thumb Code    66  usart.o(i.usart4_read)
    usart4_sndbyte                           0x08022c0d   Thumb Code    22  usart.o(i.usart4_sndbyte)
    usart4_write                             0x08022c29   Thumb Code    92  usart.o(i.usart4_write)
    usart_init_info                          0x08022ca1   Thumb Code    12  usart.o(i.usart_init_info)
    usart_write                              0x08022cb5   Thumb Code    26  usart.o(i.usart_write)
    wifi_daemon_pro                          0x08022cd1   Thumb Code  1892  protocol.o(i.wifi_daemon_pro)
    wifi_motor_single_run                    0x080234ed   Thumb Code   384  action.o(i.wifi_motor_single_run)
    wifi_protocol_init                       0x08023715   Thumb Code    32  mcu_api.o(i.wifi_protocol_init)
    wifi_set_apmode                          0x0802374d   Thumb Code    36  protocol.o(i.wifi_set_apmode)
    wifi_sync_state_pro                      0x08023775   Thumb Code   172  protocol.o(i.wifi_sync_state_pro)
    wifi_uart_service                        0x08023881   Thumb Code   312  mcu_api.o(i.wifi_uart_service)
    wifi_uart_write_cmd                      0x080239ed   Thumb Code    64  system.o(i.wifi_uart_write_cmd)
    wifi_uart_write_frame                    0x08023a55   Thumb Code    64  system.o(i.wifi_uart_write_frame)
    wifi_updata_clean_record                 0x08023a99   Thumb Code   260  protocol.o(i.wifi_updata_clean_record)
    www_idleintel_com                        0x08023bf1   Thumb Code   312  gyro.o(i.www_idleintel_com)
    xmodem_default                           0x08023d85   Thumb Code    44  bootloader.o(i.xmodem_default)
    download_cmd                             0x08023dce   Data          48  protocol.o(.constdata)
    map_config                               0x08023dfe   Data           3  protocol.o(.constdata)
    cp_msg                                   0x08023e04   Data          85  gyro.o(.constdata)
    Region$$Table$$Base                      0x08024604   Number         0  anon$$obj.o(Region$$Table)
    Region$$Table$$Limit                     0x08024634   Number         0  anon$$obj.o(Region$$Table)
    StartupStatu                             0x20000000   Data           4  main.o(.data)
    SysResetSrc                              0x20000004   Data           1  main.o(.data)
    sWorkTimeMinCt                           0x20000008   Data           2  iclean.o(.data)
    sWorkTimeMin                             0x2000000a   Data           2  iclean.o(.data)
    sSleepTimeMin                            0x2000000c   Data           2  iclean.o(.data)
    sys                                      0x20000010   Data           4  iclean.o(.data)
    m_stack2                                 0x20000014   Data           4  iclean.o(.data)
    wall_sta                                 0x20000028   Data           1  iclean.o(.data)
    c_lost_left                              0x20000029   Data           1  iclean.o(.data)
    cfg                                      0x2000002c   Data           4  cfg.o(.data)
    NOMORL_PWM                               0x20000030   Data           2  cfg.o(.data)
    SLOW_PWM                                 0x20000032   Data           2  cfg.o(.data)
    rx_sta                                   0x20000034   Data           1  task_rx.o(.data)
    rx_len                                   0x20000035   Data           1  task_rx.o(.data)
    cm                                       0x20000036   Data           2  task_rx.o(.data)
    i_main_cur_c                             0x20000044   Data           4  sensers.o(.data)
    g_sta_bump                               0x20000048   Data           8  sensers.o(.data)
    debug_ir_original_bk                     0x20000050   Data           4  sensers.o(.data)
    IrRevData                                0x20000054   Data           4  sensers.o(.data)
    g_ir_data                                0x2000005c   Data           8  sensers.o(.data)
    irda_tmr                                 0x20000064   Data           4  sensers.o(.data)
    ir_parse_printen                         0x20000068   Data           1  sensers.o(.data)
    right_ird_map                            0x2000006c   Data          44  sensers.o(.data)
    right_dist_map                           0x20000098   Data          44  sensers.o(.data)
    left_ird_map                             0x200000c4   Data          44  sensers.o(.data)
    left_dist_map                            0x200000f0   Data          44  sensers.o(.data)
    navigat                                  0x20000198   Data           4  navigation.o(.data)
    m_hal                                    0x2000019c   Data           4  navigation.o(.data)
    focus                                    0x200001a0   Data           8  navigation.o(.data)
    turn_hw_fifo                             0x200001a8   Data          40  randclean.o(.data)
    IrData_bak                               0x200001d0   Data           4  charge.o(.data)
    yaw_queu                                 0x200001d4   Data          40  charge.o(.data)
    dist_queu                                0x200001fc   Data          40  charge.o(.data)
    TURN_ANGLE                               0x20000228   Data           4  charge.o(.data)
    TURN_ANGLE1                              0x2000022c   Data           4  charge.o(.data)
    libat_cap                                0x20000240   Data          84  libatcharge.o(.data)
    libat_percent                            0x20000294   Data          84  libatcharge.o(.data)
    LiBat_chgerr_retry4test                  0x200002e9   Data           1  libatcharge.o(.data)
    LiBat_PwmCurr                            0x200002ea   Data           1  libatcharge.o(.data)
    LiBat_CurrNow                            0x200002ec   Data           2  libatcharge.o(.data)
    m_dock_midle                             0x20000308   Data           2  action.o(.data)
    dock_len                                 0x2000030a   Data           1  action.o(.data)
    run_timeout                              0x2000030c   Data           2  action.o(.data)
    keystrokes                               0x20000324   Data           4  key.o(.data)
    led_wifi_mode                            0x20000334   Data           1  key.o(.data)
    SystemCoreClock                          0x20000360   Data           4  system_stm32f10x.o(.data)
    AHBPrescTable                            0x20000364   Data          16  system_stm32f10x.o(.data)
    w_dp                                     0x20000374   Data           4  usart.o(.data)
    r_dp                                     0x20000378   Data           4  usart.o(.data)
    pid_printf                               0x20000388   Data           1  pid.o(.data)
    c_near_a                                 0x2000038a   Data           2  pid.o(.data)
    max_near_a                               0x2000038c   Data           2  pid.o(.data)
    angle_buf                                0x20000390   Data          16  pid.o(.data)
    bf_angle                                 0x200003a0   Data           8  pid.o(.data)
    strl                                     0x200003a8   Data           4  pid.o(.data)
    strr                                     0x200003ac   Data           4  pid.o(.data)
    c_near_a1                                0x200003b0   Data           2  pid.o(.data)
    pid                                      0x200003b4   Data           4  pid.o(.data)
    msTmr                                    0x20000428   Data           4  systick.o(.data)
    msledTmr                                 0x2000042c   Data           4  systick.o(.data)
    msWifiTmr                                0x20000430   Data           4  systick.o(.data)
    msChargeTmr                              0x20000434   Data           4  systick.o(.data)
    msledwifitmr                             0x20000438   Data           4  systick.o(.data)
    n_10ms_tick                              0x2000043d   Data           1  systick.o(.data)
    motorStr                                 0x20000440   Data          42  motor.o(.data)
    left_pwm                                 0x2000046c   Data           4  motor.o(.data)
    right_pwm                                0x20000470   Data           4  motor.o(.data)
    I2Cerror                                 0x2000047c   Data           4  i2c.o(.data)
    I2Cerrorcount                            0x20000480   Data           4  i2c.o(.data)
    tm_mode                                  0x20000484   Data           1  test_mode.o(.data)
    rec_mac_proc_dat                         0x20000486   Data           4  test_mode.o(.data)
    test_mac_proc_dat                        0x2000048a   Data           4  test_mode.o(.data)
    bdtest_fantest                           0x20000492   Data           1  test_mode.o(.data)
    tmod_fancd                               0x20000494   Data           2  test_mode.o(.data)
    bdtest_chgcurr                           0x20000498   Data           2  test_mode.o(.data)
    test_bd_com                              0x2000049a   Data           1  test_mode.o(.data)
    r_key_err                                0x2000049b   Data           1  test_mode.o(.data)
    irmaxmin                                 0x200004c0   Data          28  test_mode.o(.data)
    irtestdata                               0x200004dc   Data          28  test_mode.o(.data)
    asse_irmaxmin                            0x200004f8   Data          28  test_mode.o(.data)
    asse_irtestdata                          0x20000514   Data          28  test_mode.o(.data)
    timer_sync                               0x20000548   Data           4  bootloader.o(.data)
    offset_flag                              0x20000564   Data           1  mpu6500.o(.data)
    MPU6500_Acc_Offset                       0x20000566   Data           6  mpu6500.o(.data)
    MPU6500_Gyro_Offset                      0x2000056c   Data           6  mpu6500.o(.data)
    MPU6500_Acc                              0x20000572   Data           6  mpu6500.o(.data)
    MPU6500_Gyro                             0x20000578   Data           6  mpu6500.o(.data)
    mpu6500_tempreature                      0x20000580   Data           4  mpu6500.o(.data)
    mpu6500_tempreature_temp                 0x20000584   Data           2  mpu6500.o(.data)
    mpu6500_tempreature_Offset               0x20000586   Data           2  mpu6500.o(.data)
    dp_camera_error                          0x2000058c   Data           1  dispprot.o(.data)
    pwifistream                              0x200005c0   Data           4  protocol.o(.data)
    errcode_mapping                          0x200005c4   Data          22  protocol.o(.data)
    wifi_coor                                0x200005dc   Data          40  protocol.o(.data)
    wifi_coor_type                           0x20000604   Data          10  protocol.o(.data)
    apmode_code                              0x2000060e   Data           8  protocol.o(.data)
    queue_in                                 0x2000064c   Data           4  system.o(.data)
    queue_out                                0x20000650   Data           4  system.o(.data)
    queue_total_data                         0x20000654   Data           2  system.o(.data)
    stop_update_flag                         0x20000656   Data           1  system.o(.data)
    reset_wifi_flag                          0x20000657   Data           1  system.o(.data)
    set_wifimode_flag                        0x20000658   Data           1  system.o(.data)
    wifi_work_state                          0x20000659   Data           1  system.o(.data)
    stream_status                            0x2000065a   Data           1  system.o(.data)
    g_rx                                     0x2000065c   Data           4  gyro.o(.data)
    gyro                                     0x20000660   Data           4  gyro.o(.data)
    spi_read_write                           0x20000664   Data           4  gyro.o(.data)
    spi_csx                                  0x20000668   Data           4  gyro.o(.data)
    g_printf                                 0x2000066c   Data           4  gyro.o(.data)
    g_delay                                  0x20000670   Data           4  gyro.o(.data)
    mgyro                                    0x20000674   Data           4  gyro.o(.data)
    gyroOK                                   0x20000678   Data           1  gyro.o(.data)
    g_copy                                   0x2000067a   Data         116  gyro.o(.data)
    g_cp_msg                                 0x200006ee   Data         168  gyro.o(.data)
    copyright24                              0x20000796   Data         111  gyro.o(.data)
    copyright25                              0x20000805   Data         109  gyro.o(.data)
    gyro_sta                                 0x20000872   Data           1  gyro.o(.data)
    gyro_len                                 0x20000873   Data           1  gyro.o(.data)
    syst                                     0x20000880   Data         748  iclean.o(.bss)
    kgyro                                    0x20000b6c   Data          80  iclean.o(.bss)
    m_stack                                  0x20000bbc   Data        4096  iclean.o(.bss)
    cfg_buf                                  0x20001bbc   Data         512  cfg.o(.bss)
    sys_debug                                0x20001dbc   Data          60  cfg.o(.bss)
    com_str                                  0x20001df8   Data          32  cfg.o(.bss)
    rx_buf                                   0x20001e18   Data         256  task_rx.o(.bss)
    cmd                                      0x20001f18   Data          10  task_rx.o(.bss)
    port_arry                                0x20001f24   Data          32  sensers.o(.bss)
    share_ram_buff                           0x20001f7c   Data       18912  navigation.o(.bss)
    motor_hal                                0x2000695c   Data          52  navigation.o(.bss)
    fos_degs                                 0x20006990   Data          16  navigation.o(.bss)
    g_rand_clean                             0x200069a0   Data          12  randclean.o(.bss)
    charge_info                              0x200069ac   Data          28  charge.o(.bss)
    dock_ir                                  0x20006fc4   Data          30  action.o(.bss)
    adc_converted_value                      0x20006fe2   Data          34  adc.o(.bss)
    dp_buff                                  0x20007844   Data         128  usart.o(.bss)
    string                                   0x200078c4   Data         256  usart.o(.bss)
    near_angle                               0x200079c4   Data         400  pid.o(.bss)
    r_near_pid                               0x20007b54   Data          92  pid.o(.bss)
    l_near_pid                               0x20007bb0   Data          92  pid.o(.bss)
    mrpid                                    0x20007c0c   Data          64  pid.o(.bss)
    mlpid                                    0x20007c4c   Data          64  pid.o(.bss)
    near_angle1                              0x20007c8c   Data          40  pid.o(.bss)
    rpid                                     0x20007cb4   Data          72  pid.o(.bss)
    motor                                    0x20007cfc   Data          28  motor.o(.bss)
    tmd_rxbd_dat                             0x20007d18   Data          20  test_mode.o(.bss)
    mpu6500_buf                              0x20007eec   Data          14  mpu6500.o(.bss)
    dp_schdata                               0x20007f08   Data          15  dispprot.o(.bss)
    wifistreamdata                           0x20007f30   Data         628  protocol.o(.bss)
    m_time_now                               0x200081a4   Data          44  protocol.o(.bss)
    wifi_coor_buff                           0x200081d0   Data         128  protocol.o(.bss)
    wifi_queue_buf                           0x20008250   Data         263  system.o(.bss)
    wifi_uart_rx_buf                         0x20008357   Data         307  system.o(.bss)
    wifi_uart_tx_buf                         0x2000848a   Data         263  system.o(.bss)
    grxBuf                                   0x20008594   Data          32  gyro.o(.bss)
    Gyro                                     0x200085b4   Data       12012  gyro.o(.bss)
    gyro_buf                                 0x2000b4a0   Data          16  gyro.o(.bss)
    rx_agl                                   0x2000b4b0   Data          12  gyro.o(.bss)
    __initial_sp                             0x2000b8e8   Data           0  startup_stm32f10x_hd.o(STACK)
    dma_recevie_from_usart                   0x2000f801   Thumb Code   164  bootloader.o(RAMCODE)
    program_backup_page                      0x2000f8a5   Thumb Code    82  bootloader.o(RAMCODE)
    usart_to_backup_process                  0x2000f8f7   Thumb Code   114  bootloader.o(RAMCODE)
    check_frame_format                       0x2000f969   Thumb Code   408  bootloader.o(RAMCODE)
    report_process                           0x2000fb01   Thumb Code    34  bootloader.o(RAMCODE)
    backup_to_code_process                   0x2000fb23   Thumb Code   114  bootloader.o(RAMCODE)
    upgrade_self_task                        0x2000fb95   Thumb Code   284  bootloader.o(RAMCODE)
    FLASH_ClearFlag                          0x2000fcc5   Thumb Code     6  stm32f10x_flash.o(i.FLASH_ClearFlag)
    FLASH_ErasePage                          0x2000fcd1   Thumb Code    72  stm32f10x_flash.o(i.FLASH_ErasePage)
    FLASH_GetBank1Status                     0x2000fd1d   Thumb Code    48  stm32f10x_flash.o(i.FLASH_GetBank1Status)
    FLASH_Lock                               0x2000fd51   Thumb Code    14  stm32f10x_flash.o(i.FLASH_Lock)
    FLASH_ProgramHalfWord                    0x2000fd65   Thumb Code    60  stm32f10x_flash.o(i.FLASH_ProgramHalfWord)
    FLASH_ProgramWord                        0x2000fda5   Thumb Code   102  stm32f10x_flash.o(i.FLASH_ProgramWord)
    FLASH_Unlock                             0x2000fe11   Thumb Code    12  stm32f10x_flash.o(i.FLASH_Unlock)
    FLASH_WaitForLastOperation               0x2000fe29   Thumb Code    38  stm32f10x_flash.o(i.FLASH_WaitForLastOperation)



==============================================================================

Memory Map of the image

  Image Entry point : 0x08000131

  Load Region LR_IROM1 (Base: 0x08000000, Size: 0x00025504, Max: 0x00080000, ABSOLUTE, COMPRESSED[0x00024f4c])

    Execution Region ER_IROM1 (Base: 0x08000000, Size: 0x00024634, Max: 0x00080000, ABSOLUTE)

    Base Addr    Size         Type   Attr      Idx    E Section Name        Object

    0x08000000   0x00000130   Data   RO            3    RESET               startup_stm32f10x_hd.o
    0x08000130   0x00000000   Code   RO         6107  * .ARM.Collect$$$$00000000  mc_w.l(entry.o)
    0x08000130   0x00000004   Code   RO         6457    .ARM.Collect$$$$00000001  mc_w.l(entry2.o)
    0x08000134   0x00000004   Code   RO         6460    .ARM.Collect$$$$00000004  mc_w.l(entry5.o)
    0x08000138   0x00000000   Code   RO         6462    .ARM.Collect$$$$00000008  mc_w.l(entry7b.o)
    0x08000138   0x00000000   Code   RO         6464    .ARM.Collect$$$$0000000A  mc_w.l(entry8b.o)
    0x08000138   0x00000008   Code   RO         6465    .ARM.Collect$$$$0000000B  mc_w.l(entry9a.o)
    0x08000140   0x00000000   Code   RO         6467    .ARM.Collect$$$$0000000D  mc_w.l(entry10a.o)
    0x08000140   0x00000000   Code   RO         6469    .ARM.Collect$$$$0000000F  mc_w.l(entry11a.o)
    0x08000140   0x00000004   Code   RO         6458    .ARM.Collect$$$$00002712  mc_w.l(entry2.o)
    0x08000144   0x00000024   Code   RO            4    .text               startup_stm32f10x_hd.o
    0x08000168   0x00000024   Code   RO         6110    .text               mc_w.l(rand.o)
    0x0800018c   0x000000a8   Code   RO         6117    .text               mc_w.l(mktime.o)
    0x08000234   0x00000024   Code   RO         6120    .text               mc_w.l(memcpya.o)
    0x08000258   0x00000024   Code   RO         6122    .text               mc_w.l(memseta.o)
    0x0800027c   0x0000000e   Code   RO         6126    .text               mc_w.l(strlen.o)
    0x0800028a   0x000000b0   Code   RO         6395    .text               mf_w.l(fadd.o)
    0x0800033a   0x00000064   Code   RO         6397    .text               mf_w.l(fmul.o)
    0x0800039e   0x0000007c   Code   RO         6399    .text               mf_w.l(fdiv.o)
    0x0800041a   0x0000014e   Code   RO         6401    .text               mf_w.l(dadd.o)
    0x08000568   0x000000e4   Code   RO         6403    .text               mf_w.l(dmul.o)
    0x0800064c   0x000000de   Code   RO         6405    .text               mf_w.l(ddiv.o)
    0x0800072a   0x00000012   Code   RO         6407    .text               mf_w.l(fflti.o)
    0x0800073c   0x0000000a   Code   RO         6409    .text               mf_w.l(ffltui.o)
    0x08000746   0x0000001a   Code   RO         6411    .text               mf_w.l(dfltui.o)
    0x08000760   0x00000032   Code   RO         6413    .text               mf_w.l(ffixi.o)
    0x08000792   0x0000003e   Code   RO         6415    .text               mf_w.l(dfixi.o)
    0x080007d0   0x00000032   Code   RO         6417    .text               mf_w.l(dfixui.o)
    0x08000802   0x00000026   Code   RO         6419    .text               mf_w.l(f2d.o)
    0x08000828   0x00000030   Code   RO         6421    .text               mf_w.l(cdrcmple.o)
    0x08000858   0x00000038   Code   RO         6423    .text               mf_w.l(d2f.o)
    0x08000890   0x00000014   Code   RO         6425    .text               mf_w.l(cfcmple.o)
    0x080008a4   0x00000014   Code   RO         6427    .text               mf_w.l(cfrcmple.o)
    0x080008b8   0x0000002c   Code   RO         6474    .text               mc_w.l(uidiv.o)
    0x080008e4   0x00000062   Code   RO         6476    .text               mc_w.l(uldiv.o)
    0x08000946   0x0000001e   Code   RO         6478    .text               mc_w.l(llshl.o)
    0x08000964   0x00000020   Code   RO         6480    .text               mc_w.l(llushr.o)
    0x08000984   0x00000024   Code   RO         6482    .text               mc_w.l(llsshr.o)
    0x080009a8   0x0000000c   Code   RO         6484    .text               mc_w.l(localtime_w.o)
    0x080009b4   0x0000008c   Code   RO         6487    .text               mc_w.l(localtime_i.o)
    0x08000a40   0x00000000   Code   RO         6499    .text               mc_w.l(iusefp.o)
    0x08000a40   0x0000006e   Code   RO         6500    .text               mf_w.l(fepilogue.o)
    0x08000aae   0x000000ba   Code   RO         6502    .text               mf_w.l(depilogue.o)
    0x08000b68   0x00000030   Code   RO         6506    .text               mf_w.l(dfixul.o)
    0x08000b98   0x00000024   Code   RO         6514    .text               mc_w.l(init.o)
    0x08000bbc   0x0000002e   Code   RO         6548    .text               mf_w.l(dscalb.o)
    0x08000bea   0x00000022   Code   RO         6550    .text               mf_w.l(dflti.o)
    0x08000c0c   0x00000056   Code   RO         6562    .text               mc_w.l(__dczerorl2.o)
    0x08000c62   0x0000000a   Ven    RO         6564    Veneer$$Code        anon$$obj.o
    0x08000c6c   0x0000000a   Ven    RO         6565    Veneer$$Code        anon$$obj.o
    0x08000c76   0x0000000a   Ven    RO         6566    Veneer$$Code        anon$$obj.o
    0x08000c80   0x0000000a   Ven    RO         6567    Veneer$$Code        anon$$obj.o
    0x08000c8a   0x0000000a   Ven    RO         6568    Veneer$$Code        anon$$obj.o
    0x08000c94   0x0000000a   Ven    RO         6569    Veneer$$Code        anon$$obj.o
    0x08000c9e   0x00000002   PAD
    0x08000ca0   0x00000020   Code   RO         3893    i.ADC1_2_IRQHandler  stm32f10x_it.o
    0x08000cc0   0x00000060   Code   RO         3594    i.ADC1_GPIO_Config  adc.o
    0x08000d20   0x0000018c   Code   RO         3595    i.ADC1_Mode_Config  adc.o
    0x08000eac   0x0000000a   Code   RO         2053    i.ADC_ClearITPendingBit  stm32f10x_adc.o
    0x08000eb6   0x00000016   Code   RO         2054    i.ADC_Cmd           stm32f10x_adc.o
    0x08000ecc   0x00000016   Code   RO         2055    i.ADC_DMACmd        stm32f10x_adc.o
    0x08000ee2   0x00000002   PAD
    0x08000ee4   0x0000005c   Code   RO         2056    i.ADC_DeInit        stm32f10x_adc.o
    0x08000f40   0x00000014   Code   RO         2062    i.ADC_GetCalibrationStatus  stm32f10x_adc.o
    0x08000f54   0x00000024   Code   RO         2066    i.ADC_GetITStatus   stm32f10x_adc.o
    0x08000f78   0x00000014   Code   RO         2068    i.ADC_GetResetCalibrationStatus  stm32f10x_adc.o
    0x08000f8c   0x00000050   Code   RO         2072    i.ADC_Init          stm32f10x_adc.o
    0x08000fdc   0x000000b8   Code   RO         2076    i.ADC_RegularChannelConfig  stm32f10x_adc.o
    0x08001094   0x0000000a   Code   RO         2077    i.ADC_ResetCalibration  stm32f10x_adc.o
    0x0800109e   0x00000016   Code   RO         2079    i.ADC_SoftwareStartConvCmd  stm32f10x_adc.o
    0x080010b4   0x0000000a   Code   RO         2081    i.ADC_StartCalibration  stm32f10x_adc.o
    0x080010be   0x00000010   Code   RO         3414    i.BKP_DeInit        stm32f10x_bkp.o
    0x080010ce   0x00000002   PAD
    0x080010d0   0x0000001c   Code   RO         3419    i.BKP_ReadBackupRegister  stm32f10x_bkp.o
    0x080010ec   0x0000001c   Code   RO         3423    i.BKP_WriteBackupRegister  stm32f10x_bkp.o
    0x08001108   0x00000004   Code   RO         3894    i.BusFault_Handler  stm32f10x_it.o
    0x0800110c   0x00000002   Code   RO         3895    i.CAN1_RX1_IRQHandler  stm32f10x_it.o
    0x0800110e   0x00000012   Code   RO         3896    i.DMA1_Channel1_IRQHandler  stm32f10x_it.o
    0x08001120   0x0000001c   Code   RO         2271    i.DMA_ClearITPendingBit  stm32f10x_dma.o
    0x0800113c   0x00000018   Code   RO         2272    i.DMA_Cmd           stm32f10x_dma.o
    0x08001154   0x0000014c   Code   RO         2273    i.DMA_DeInit        stm32f10x_dma.o
    0x080012a0   0x0000002c   Code   RO         2276    i.DMA_GetITStatus   stm32f10x_dma.o
    0x080012cc   0x0000003c   Code   RO         2278    i.DMA_Init          stm32f10x_dma.o
    0x08001308   0x00000002   Code   RO         3897    i.DebugMon_Handler  stm32f10x_it.o
    0x0800130a   0x00000002   PAD
    0x0800130c   0x00000040   Code   RO         3898    i.EXTI15_10_IRQHandler  stm32f10x_it.o
    0x0800134c   0x000000b4   Code   RO         3899    i.EXTI1_IRQHandler  stm32f10x_it.o
    0x08001400   0x000000b4   Code   RO         3900    i.EXTI4_IRQHandler  stm32f10x_it.o
    0x080014b4   0x00000060   Code   RO         3901    i.EXTI9_5_IRQHandler  stm32f10x_it.o
    0x08001514   0x0000000c   Code   RO         2342    i.EXTI_ClearFlag    stm32f10x_exti.o
    0x08001520   0x0000000c   Code   RO         2343    i.EXTI_ClearITPendingBit  stm32f10x_exti.o
    0x0800152c   0x00000024   Code   RO         2344    i.EXTI_DeInit       stm32f10x_exti.o
    0x08001550   0x00000028   Code   RO         2347    i.EXTI_GetITStatus  stm32f10x_exti.o
    0x08001578   0x00000094   Code   RO         2348    i.EXTI_Init         stm32f10x_exti.o
    0x0800160c   0x00000010   Code   RO         2349    i.EXTI_StructInit   stm32f10x_exti.o
    0x0800161c   0x00000086   Code   RO         4153    i.EXTI_cfg          bsp.o
    0x080016a2   0x00000002   PAD
    0x080016a4   0x000001c0   Code   RO         4154    i.GPIO_Config       bsp.o
    0x08001864   0x00000040   Code   RO         1721    i.GPIO_EXTILineConfig  stm32f10x_gpio.o
    0x080018a4   0x00000116   Code   RO         1724    i.GPIO_Init         stm32f10x_gpio.o
    0x080019ba   0x00000002   PAD
    0x080019bc   0x00000090   Code   RO         1726    i.GPIO_PinRemapConfig  stm32f10x_gpio.o
    0x08001a4c   0x00000012   Code   RO         1728    i.GPIO_ReadInputDataBit  stm32f10x_gpio.o
    0x08001a5e   0x00000004   Code   RO         1731    i.GPIO_ResetBits    stm32f10x_gpio.o
    0x08001a62   0x00000004   Code   RO         1732    i.GPIO_SetBits      stm32f10x_gpio.o
    0x08001a66   0x0000000a   Code   RO         1735    i.GPIO_WriteBit     stm32f10x_gpio.o
    0x08001a70   0x00000008   Code   RO         3902    i.HardFault_Handler  stm32f10x_it.o
    0x08001a78   0x00000048   Code   RO         4369    i.I2C1_Ack          i2c.o
    0x08001ac0   0x00000050   Code   RO         4370    i.I2C1_GPIO_Init    i2c.o
    0x08001b10   0x00000044   Code   RO         4371    i.I2C1_NoAck        i2c.o
    0x08001b54   0x00000046   Code   RO         4372    i.I2C1_ReadByte     i2c.o
    0x08001b9a   0x00000002   PAD
    0x08001b9c   0x00000078   Code   RO         4373    i.I2C1_ReceiveByte  i2c.o
    0x08001c14   0x0000006c   Code   RO         4374    i.I2C1_SendByte     i2c.o
    0x08001c80   0x00000044   Code   RO         4375    i.I2C1_Start        i2c.o
    0x08001cc4   0x00000048   Code   RO         4376    i.I2C1_Stop         i2c.o
    0x08001d0c   0x00000064   Code   RO         4377    i.I2C1_WaitAck      i2c.o
    0x08001d70   0x0000003e   Code   RO         4380    i.I2C_PageWrite_24C  i2c.o
    0x08001dae   0x0000001c   Code   RO         4381    i.I2C_ReadS_24C     i2c.o
    0x08001dca   0x00000002   PAD
    0x08001dcc   0x00000028   Code   RO         4382    i.I2C_Standby_24C   i2c.o
    0x08001df4   0x00000082   Code   RO         4383    i.I2C_WriteS_24C    i2c.o
    0x08001e76   0x0000000e   Code   RO         4384    i.I2C_delay         i2c.o
    0x08001e84   0x00000010   Code   RO         3622    i.Init_Usart1_Buffer  usart.o
    0x08001e94   0x00000018   Code   RO          952    i.LiBat_ExitChargeMode  libatcharge.o
    0x08001eac   0x00000006   Code   RO          954    i.LiBat_GetBatTemper  libatcharge.o
    0x08001eb2   0x00000002   PAD
    0x08001eb4   0x0000001c   Code   RO          955    i.LiBat_GetBatVolt  libatcharge.o
    0x08001ed0   0x00000026   Code   RO          956    i.LiBat_GetChargeCurrent  libatcharge.o
    0x08001ef6   0x00000012   Code   RO          960    i.LiBat_HalInit     libatcharge.o
    0x08001f08   0x0000006c   Code   RO          962    i.LiBat_InitPID     libatcharge.o
    0x08001f74   0x00000090   Code   RO          963    i.LiBat_InitPwrChargePwm  libatcharge.o
    0x08002004   0x00000002   Code   RO          965    i.LiBat_TurnOnOtherPwr  libatcharge.o
    0x08002006   0x00000002   PAD
    0x08002008   0x0000007c   Code   RO         4819    i.MPU6500_Init      mpu6500.o
    0x08002084   0x0000002c   Code   RO         4821    i.MPU6500_Read_Reg  mpu6500.o
    0x080020b0   0x0000002c   Code   RO         4822    i.MPU6500_Write_Reg  mpu6500.o
    0x080020dc   0x0000003c   Code   RO         4824    i.MPU6500_tmr_init  mpu6500.o
    0x08002118   0x00000004   Code   RO         3903    i.MemManage_Handler  stm32f10x_it.o
    0x0800211c   0x00000002   Code   RO         3904    i.NMI_Handler       stm32f10x_it.o
    0x0800211e   0x0000011c   Code   RO         4155    i.NVIC_Config       bsp.o
    0x0800223a   0x00000002   PAD
    0x0800223c   0x00000070   Code   RO         2012    i.NVIC_Init         misc.o
    0x080022ac   0x00000014   Code   RO         2013    i.NVIC_PriorityGroupConfig  misc.o
    0x080022c0   0x0000000c   Code   RO         3490    i.PWR_BackupAccessCmd  stm32f10x_pwr.o
    0x080022cc   0x00000020   Code   RO         4156    i.Periph_Init       bsp.o
    0x080022ec   0x0000003c   Code   RO         5729    i.Queue_Read_Byte   system.o
    0x08002328   0x00000020   Code   RO         1519    i.RCC_AHBPeriphClockCmd  stm32f10x_rcc.o
    0x08002348   0x00000020   Code   RO         1520    i.RCC_APB1PeriphClockCmd  stm32f10x_rcc.o
    0x08002368   0x00000020   Code   RO         1521    i.RCC_APB1PeriphResetCmd  stm32f10x_rcc.o
    0x08002388   0x00000020   Code   RO         1522    i.RCC_APB2PeriphClockCmd  stm32f10x_rcc.o
    0x080023a8   0x00000020   Code   RO         1523    i.RCC_APB2PeriphResetCmd  stm32f10x_rcc.o
    0x080023c8   0x0000000c   Code   RO         1525    i.RCC_BackupResetCmd  stm32f10x_rcc.o
    0x080023d4   0x00000014   Code   RO         1526    i.RCC_ClearFlag     stm32f10x_rcc.o
    0x080023e8   0x0000003c   Code   RO         4157    i.RCC_Config        bsp.o
    0x08002424   0x000000d4   Code   RO         1530    i.RCC_GetClocksFreq  stm32f10x_rcc.o
    0x080024f8   0x0000003c   Code   RO         1531    i.RCC_GetFlagStatus  stm32f10x_rcc.o
    0x08002534   0x00000034   Code   RO         1538    i.RCC_LSEConfig     stm32f10x_rcc.o
    0x08002568   0x0000000c   Code   RO         1545    i.RCC_RTCCLKCmd     stm32f10x_rcc.o
    0x08002574   0x00000010   Code   RO         1546    i.RCC_RTCCLKConfig  stm32f10x_rcc.o
    0x08002584   0x00000010   Code   RO         3323    i.RTC_ClearITPendingBit  stm32f10x_rtc.o
    0x08002594   0x0000005c   Code   RO         4158    i.RTC_Config        bsp.o
    0x080025f0   0x00000014   Code   RO         3324    i.RTC_EnterConfigMode  stm32f10x_rtc.o
    0x08002604   0x00000014   Code   RO         3325    i.RTC_ExitConfigMode  stm32f10x_rtc.o
    0x08002618   0x00000014   Code   RO         3326    i.RTC_GetCounter    stm32f10x_rtc.o
    0x0800262c   0x00000008   Code   RO         4159    i.RTC_Init          bsp.o
    0x08002634   0x0000005a   Code   RO         4160    i.RTC_RCCCfg        bsp.o
    0x0800268e   0x00000002   PAD
    0x08002690   0x0000001c   Code   RO         3332    i.RTC_SetCounter    stm32f10x_rtc.o
    0x080026ac   0x00000020   Code   RO         3333    i.RTC_SetPrescaler  stm32f10x_rtc.o
    0x080026cc   0x00000014   Code   RO         3334    i.RTC_WaitForLastTask  stm32f10x_rtc.o
    0x080026e0   0x00000024   Code   RO         3335    i.RTC_WaitForSynchro  stm32f10x_rtc.o
    0x08002704   0x00000022   Code   RO          423    i.RingBufferFillLevel  ringbuffer.o
    0x08002726   0x00000038   Code   RO          424    i.RingBufferGet     ringbuffer.o
    0x0800275e   0x0000000e   Code   RO          425    i.RingBufferInit    ringbuffer.o
    0x0800276c   0x00000048   Code   RO          427    i.RingBufferPut     ringbuffer.o
    0x080027b4   0x00000008   Code   RO          429    i.RingBufferSize    ringbuffer.o
    0x080027bc   0x00000090   Code   RO         4489    i.SPI1_ReadWriteByte  spi.o
    0x0800284c   0x00000002   Code   RO         3905    i.SVC_Handler       stm32f10x_it.o
    0x0800284e   0x00000008   Code   RO         3560    i.SetSysClock       system_stm32f10x.o
    0x08002856   0x00000002   PAD
    0x08002858   0x000000e0   Code   RO         3561    i.SetSysClockTo72   system_stm32f10x.o
    0x08002938   0x000001a8   Code   RO         4064    i.SysTick_Handler   systick.o
    0x08002ae0   0x00000068   Code   RO         4065    i.SysTick_Init      systick.o
    0x08002b48   0x00000060   Code   RO         3563    i.SystemInit        system_stm32f10x.o
    0x08002ba8   0x00000010   Code   RO         3906    i.TIM1_BRK_IRQHandler  stm32f10x_it.o
    0x08002bb8   0x00000002   Code   RO         3907    i.TIM1_CC_IRQHandler  stm32f10x_it.o
    0x08002bba   0x00000002   PAD
    0x08002bbc   0x00000010   Code   RO         3908    i.TIM1_TRG_COM_IRQHandler  stm32f10x_it.o
    0x08002bcc   0x00000002   Code   RO         3909    i.TIM2_IRQHandler   stm32f10x_it.o
    0x08002bce   0x00000002   Code   RO         3910    i.TIM3_IRQHandler   stm32f10x_it.o
    0x08002bd0   0x00000002   Code   RO         3911    i.TIM4_IRQHandler   stm32f10x_it.o
    0x08002bd2   0x00000002   PAD
    0x08002bd4   0x0000003c   Code   RO         3912    i.TIM6_IRQHandler   stm32f10x_it.o
    0x08002c10   0x00000034   Code   RO         3913    i.TIM7_IRQHandler   stm32f10x_it.o
    0x08002c44   0x0000000c   Code   RO         3914    i.TIM8_CC_IRQHandler  stm32f10x_it.o
    0x08002c50   0x00000002   Code   RO         3915    i.TIM8_UP_IRQHandler  stm32f10x_it.o
    0x08002c52   0x00000018   Code   RO         2604    i.TIM_ARRPreloadConfig  stm32f10x_tim.o
    0x08002c6a   0x0000001e   Code   RO         2608    i.TIM_CCxCmd        stm32f10x_tim.o
    0x08002c88   0x00000006   Code   RO         2611    i.TIM_ClearITPendingBit  stm32f10x_tim.o
    0x08002c8e   0x00000018   Code   RO         2616    i.TIM_Cmd           stm32f10x_tim.o
    0x08002ca6   0x0000001e   Code   RO         2618    i.TIM_CtrlPWMOutputs  stm32f10x_tim.o
    0x08002cc4   0x000001e8   Code   RO         2621    i.TIM_DeInit        stm32f10x_tim.o
    0x08002eac   0x00000022   Code   RO         2637    i.TIM_GetITStatus   stm32f10x_tim.o
    0x08002ece   0x00000012   Code   RO         2641    i.TIM_ITConfig      stm32f10x_tim.o
    0x08002ee0   0x0000000c   Code   RO         2643    i.TIM_InternalClockConfig  stm32f10x_tim.o
    0x08002eec   0x00000098   Code   RO         2645    i.TIM_OC1Init       stm32f10x_tim.o
    0x08002f84   0x00000012   Code   RO         2648    i.TIM_OC1PreloadConfig  stm32f10x_tim.o
    0x08002f96   0x00000002   PAD
    0x08002f98   0x000000a4   Code   RO         2650    i.TIM_OC2Init       stm32f10x_tim.o
    0x0800303c   0x0000001a   Code   RO         2653    i.TIM_OC2PreloadConfig  stm32f10x_tim.o
    0x08003056   0x00000002   PAD
    0x08003058   0x000000a0   Code   RO         2655    i.TIM_OC3Init       stm32f10x_tim.o
    0x080030f8   0x00000012   Code   RO         2658    i.TIM_OC3PreloadConfig  stm32f10x_tim.o
    0x0800310a   0x00000002   PAD
    0x0800310c   0x0000007c   Code   RO         2660    i.TIM_OC4Init       stm32f10x_tim.o
    0x08003188   0x0000001a   Code   RO         2662    i.TIM_OC4PreloadConfig  stm32f10x_tim.o
    0x080031a2   0x00000002   PAD
    0x080031a4   0x000000a4   Code   RO         2687    i.TIM_TimeBaseInit  stm32f10x_tim.o
    0x08003248   0x0000001c   Code   RO         4161    i.TargetSysReset    bsp.o
    0x08003264   0x00000018   Code   RO         1368    i.Time_ConvCalendarToUnix  rtc_lib.o
    0x0800327c   0x00000020   Code   RO         1369    i.Time_ConvUnixToCalendar  rtc_lib.o
    0x0800329c   0x00000022   Code   RO         1370    i.Time_GetCalendarTime  rtc_lib.o
    0x080032be   0x00000008   Code   RO         1371    i.Time_GetUnixTime  rtc_lib.o
    0x080032c6   0x00000020   Code   RO         1373    i.Time_SetUnixTime  rtc_lib.o
    0x080032e6   0x00000002   PAD
    0x080032e8   0x000000ac   Code   RO         3623    i.UART4_IRQHandler  usart.o
    0x08003394   0x00000080   Code   RO         3625    i.USART1_IRQHandler  usart.o
    0x08003414   0x00000014   Code   RO         3626    i.USART3_Enable_Tx_Interrupt  usart.o
    0x08003428   0x00000078   Code   RO         3627    i.USART3_IRQHandler  usart.o
    0x080034a0   0x00000018   Code   RO         1836    i.USART_Cmd         stm32f10x_usart.o
    0x080034b8   0x00000012   Code   RO         1837    i.USART_DMACmd      stm32f10x_usart.o
    0x080034ca   0x00000002   PAD
    0x080034cc   0x0000009c   Code   RO         1838    i.USART_DeInit      stm32f10x_usart.o
    0x08003568   0x00000054   Code   RO         1840    i.USART_GetITStatus  stm32f10x_usart.o
    0x080035bc   0x0000004a   Code   RO         1842    i.USART_ITConfig    stm32f10x_usart.o
    0x08003606   0x00000002   PAD
    0x08003608   0x000000d8   Code   RO         1843    i.USART_Init        stm32f10x_usart.o
    0x080036e0   0x0000002c   Code   RO         3628    i.USART_PutChar     usart.o
    0x0800370c   0x0000003c   Code   RO         3629    i.USART_PutString   usart.o
    0x08003748   0x0000000a   Code   RO         1850    i.USART_ReceiveData  stm32f10x_usart.o
    0x08003752   0x00000008   Code   RO         1853    i.USART_SendData    stm32f10x_usart.o
    0x0800375a   0x00000002   Code   RO         3916    i.USB_LP_CAN1_RX0_IRQHandler  stm32f10x_it.o
    0x0800375c   0x00000004   Code   RO         3917    i.UsageFault_Handler  stm32f10x_it.o
    0x08003760   0x00000028   Code   RO         6367    i.__0sprintf        mc_w.l(printfa.o)
    0x08003788   0x00000024   Code   RO         6371    i.__0vsprintf       mc_w.l(printfa.o)
    0x080037ac   0x00000028   Code   RO         6510    i.__ARM_fpclassify  m_ws.l(fpclassify.o)
    0x080037d4   0x00000388   Code   RO         6446    i.__ieee754_rem_pio2  m_ws.l(rred.o)
    0x08003b5c   0x000000fc   Code   RO         6429    i.__kernel_cos      m_ws.l(cos_i.o)
    0x08003c58   0x000000aa   Code   RO         6512    i.__kernel_poly     m_ws.l(poly.o)
    0x08003d02   0x00000002   PAD
    0x08003d04   0x000000ec   Code   RO         6451    i.__kernel_sin      m_ws.l(sin_i.o)
    0x08003df0   0x00000006   Code   RO         6433    i.__mathlib_dbl_infnan  m_ws.l(dunder.o)
    0x08003df6   0x0000000c   Code   RO         6435    i.__mathlib_dbl_invalid  m_ws.l(dunder.o)
    0x08003e02   0x00000002   PAD
    0x08003e04   0x00000010   Code   RO         6438    i.__mathlib_dbl_underflow  m_ws.l(dunder.o)
    0x08003e14   0x0000000e   Code   RO         6556    i.__scatterload_copy  mc_w.l(handlers.o)
    0x08003e22   0x00000002   Code   RO         6557    i.__scatterload_null  mc_w.l(handlers.o)
    0x08003e24   0x0000000e   Code   RO         6558    i.__scatterload_zeroinit  mc_w.l(handlers.o)
    0x08003e32   0x00000002   PAD
    0x08003e34   0x0000000c   Code   RO         6492    i.__set_errno       mc_w.l(errno.o)
    0x08003e40   0x00000184   Code   RO         6372    i._fp_digits        mc_w.l(printfa.o)
    0x08003fc4   0x000006dc   Code   RO         6373    i._printf_core      mc_w.l(printfa.o)
    0x080046a0   0x00000024   Code   RO         6374    i._printf_post_padding  mc_w.l(printfa.o)
    0x080046c4   0x0000002e   Code   RO         6375    i._printf_pre_padding  mc_w.l(printfa.o)
    0x080046f2   0x0000000a   Code   RO         6377    i._sputc            mc_w.l(printfa.o)
    0x080046fc   0x0000000c   Code   RO         3596    i.adc1_init         adc.o
    0x08004708   0x000003f8   Code   RO         5440    i.all_data_update   protocol.o
    0x08004b00   0x00000060   Code   RO         1413    i.all_key_led_off   key.o
    0x08004b60   0x00000110   Code   RO         4774    i.befor_usart_init  bootloader.o
    0x08004c70   0x00000060   Code   RO         4542    i.bum_com           test_mode.o
    0x08004cd0   0x000000d0   Code   RO         4825    i.calc_gyro_on_board  mpu6500.o
    0x08004da0   0x00000038   Code   RO          712    i.calc_timr_upload  navigation.o
    0x08004dd8   0x00000050   Code   RO         5808    i.calc_xy_org       gyro.lib(gyro.o)
    0x08004e28   0x000001cc   Code   RO          875    i.charge_back_off   charge.o
    0x08004ff4   0x00000078   Code   RO         4066    i.charge_turn_delay_sensor  systick.o
    0x0800506c   0x00000b64   Code   RO          876    i.charging_turn_round  charge.o
    0x08005bd0   0x000002a0   Code   RO         4551    i.check_bum         test_mode.o
    0x08005e70   0x000013f8   Code   RO          515    i.check_sensens     sensers.o
    0x08007268   0x00000024   Code   RO          516    i.comm_ultrasonic   sensers.o
    0x0800728c   0x0000001c   Code   RO          517    i.consumables_check_pro  sensers.o
    0x080072a8   0x0000003c   Code   RO         5811    i.coord_org2map     gyro.lib(gyro.o)
    0x080072e4   0x00000006   Code   RO         1099    i.coordinate_calcu  map.o
    0x080072ea   0x00000004   Code   RO         1100    i.coordinate_calcu_test  map.o
    0x080072ee   0x00000002   PAD
    0x080072f0   0x000000e4   Code   RO         5812    i.copyright_idleintel_illegal_copy_tell_13757122544  gyro.lib(gyro.o)
    0x080073d4   0x000000e0   Code   RO         5813    i.copyright_idleintel_no_one_is_allowed_to_copy  gyro.lib(gyro.o)
    0x080074b4   0x00000118   Code   RO         5814    i.copyright_www_idleintel_com  gyro.lib(gyro.o)
    0x080075cc   0x00000002   Code   RO         1101    i.cord_calc_store   map.o
    0x080075ce   0x00000002   PAD
    0x080075d0   0x0000009c   Code   RO         6084    i.cos               m_ws.l(cos.o)
    0x0800766c   0x00000020   Code   RO         1137    i.count_quadrant    action.o
    0x0800768c   0x000001d4   Code   RO         5730    i.data_handle       system.o
    0x08007860   0x00000094   Code   RO         5731    i.data_point_handle  system.o
    0x080078f4   0x0000001c   Code   RO         4067    i.delay             systick.o
    0x08007910   0x00000030   Code   RO         4069    i.delay_ms          systick.o
    0x08007940   0x00000038   Code   RO         4070    i.delay_ms_sensers  systick.o
    0x08007978   0x00000024   Code   RO         4071    i.delay_ms_tm5      systick.o
    0x0800799c   0x0000002c   Code   RO         4072    i.delay_sensor      systick.o
    0x080079c8   0x000000e8   Code   RO          877    i.detect_dock       charge.o
    0x08007ab0   0x0000000e   Code   RO          248    i.disXY             iclean.o
    0x08007abe   0x00000002   PAD
    0x08007ac0   0x000000d0   Code   RO         4229    i.dis_mode_pro      motor.o
    0x08007b90   0x0000000e   Code   RO          249    i.dis_xy            iclean.o
    0x08007b9e   0x00000002   PAD
    0x08007ba0   0x0000005c   Code   RO          799    i.disfloat          sys.o
    0x08007bfc   0x0000000e   Code   RO          713    i.disxy             navigation.o
    0x08007c0a   0x00000002   PAD
    0x08007c0c   0x00000070   Code   RO         5817    i.div_4_5           gyro.lib(gyro.o)
    0x08007c7c   0x000007b4   Code   RO          878    i.do_charging_work  charge.o
    0x08008430   0x00000320   Code   RO         3767    i.dock_speed_pid_ctrl  pid.o
    0x08008750   0x0000001c   Code   RO         4917    i.dp_checksum2      dispprot.o
    0x0800876c   0x000012a4   Code   RO         4919    i.dp_cmd_exec2      dispprot.o
    0x08009a10   0x00000224   Code   RO         4920    i.dp_commrxtask     dispprot.o
    0x08009c34   0x000000bc   Code   RO         5441    i.dp_download_charge_mode_handle  protocol.o
    0x08009cf0   0x00000208   Code   RO         5442    i.dp_download_directioncontrol_handle  protocol.o
    0x08009ef8   0x0000006c   Code   RO         5443    i.dp_download_dock_handle  protocol.o
    0x08009f64   0x00000028   Code   RO         5444    i.dp_download_doublecleanmode_handle  protocol.o
    0x08009f8c   0x000000b0   Code   RO         5445    i.dp_download_edge_clean_handle  protocol.o
    0x0800a03c   0x000000f4   Code   RO         5446    i.dp_download_fan_handle  protocol.o
    0x0800a130   0x00000070   Code   RO         5447    i.dp_download_findsound_handle  protocol.o
    0x0800a1a0   0x00000058   Code   RO         5448    i.dp_download_floor_handle  protocol.o
    0x0800a1f8   0x00000028   Code   RO         5449    i.dp_download_floorsensitivitylevel_handle  protocol.o
    0x0800a220   0x00000028   Code   RO         5450    i.dp_download_floorsensorstatus_handle  protocol.o
    0x0800a248   0x000001b0   Code   RO         5451    i.dp_download_handle  protocol.o
    0x0800a3f8   0x00000050   Code   RO         5452    i.dp_download_light_handle  protocol.o
    0x0800a448   0x00000060   Code   RO         5453    i.dp_download_map_handle  protocol.o
    0x0800a4a8   0x00000664   Code   RO         5454    i.dp_download_mode_handle  protocol.o
    0x0800ab0c   0x00000130   Code   RO         5455    i.dp_download_pause_handle  protocol.o
    0x0800ac3c   0x00000210   Code   RO         5456    i.dp_download_power_go_handle  protocol.o
    0x0800ae4c   0x000000d0   Code   RO         5457    i.dp_download_schedule_handle  protocol.o
    0x0800af1c   0x00000064   Code   RO         5458    i.dp_download_sensitivity_handle  protocol.o
    0x0800af80   0x000000f0   Code   RO         5459    i.dp_download_speaker_handle  protocol.o
    0x0800b070   0x00000060   Code   RO         5460    i.dp_download_spotarea_handle  protocol.o
    0x0800b0d0   0x000000b4   Code   RO         5461    i.dp_download_wall_handle  protocol.o
    0x0800b184   0x000000e0   Code   RO         5462    i.dp_download_wheel_handle  protocol.o
    0x0800b264   0x00000158   Code   RO         4923    i.dp_led_err_contrl  dispprot.o
    0x0800b3bc   0x00000a30   Code   RO         4924    i.dp_led_light_contrl  dispprot.o
    0x0800bdec   0x00000014   Code   RO         4925    i.dp_send_schdata   dispprot.o
    0x0800be00   0x00000048   Code   RO         4926    i.dp_set_schdata    dispprot.o
    0x0800be48   0x00000070   Code   RO         4927    i.dp_tx_data        dispprot.o
    0x0800beb8   0x00000088   Code   RO         1102    i.format_agle       map.o
    0x0800bf40   0x0000001c   Code   RO         5732    i.get_check_sum     system.o
    0x0800bf5c   0x0000001c   Code   RO         4553    i.get_chksum        test_mode.o
    0x0800bf78   0x0000002c   Code   RO         5733    i.get_dowmload_dpid_index  system.o
    0x0800bfa4   0x00000004   Code   RO         5463    i.get_download_cmd_total  protocol.o
    0x0800bfa8   0x00000010   Code   RO         4929    i.get_err_sta       dispprot.o
    0x0800bfb8   0x00000080   Code   RO         5818    i.get_gyro_ofs      gyro.lib(gyro.o)
    0x0800c038   0x00000090   Code   RO         5819    i.get_gyro_org      gyro.lib(gyro.o)
    0x0800c0c8   0x00000364   Code   RO          521    i.get_irda          sensers.o
    0x0800c42c   0x00000036   Code   RO         4930    i.get_led_sta       dispprot.o
    0x0800c462   0x00000002   PAD
    0x0800c464   0x0000009c   Code   RO          967    i.get_libat_percent  libatcharge.o
    0x0800c500   0x0000030c   Code   RO         4554    i.get_mactest_sensors  test_mode.o
    0x0800c80c   0x00000014   Code   RO         4230    i.get_motor_sta     motor.o
    0x0800c820   0x00000084   Code   RO         1139    i.get_quadrant      action.o
    0x0800c8a4   0x0000001c   Code   RO         5734    i.get_queue_total_data  system.o
    0x0800c8c0   0x00000024   Code   RO          817    i.get_rand_idx      randclean.o
    0x0800c8e4   0x0000000c   Code   RO         4555    i.get_remote_flag   test_mode.o
    0x0800c8f0   0x00000d7c   Code   RO          522    i.get_sensers       sensers.o
    0x0800d66c   0x00000012   Code   RO         4931    i.get_u16_bit_sta   dispprot.o
    0x0800d67e   0x00000002   PAD
    0x0800d680   0x00000120   Code   RO         5823    i.gyro_mapwhl       gyro.lib(gyro.o)
    0x0800d7a0   0x000000e8   Code   RO         1140    i.gyro_move_test    action.o
    0x0800d888   0x000000a4   Code   RO         1141    i.gyro_offset_manage  action.o
    0x0800d92c   0x00000120   Code   RO         5824    i.gyro_whlmap       gyro.lib(gyro.o)
    0x0800da4c   0x00000064   Code   RO         4386    i.i2c_read_data     i2c.o
    0x0800dab0   0x000000cc   Code   RO         5825    i.idle_gyro         gyro.lib(gyro.o)
    0x0800db7c   0x00000098   Code   RO         5826    i.illegal_copy_tell_13757122544_gsend  gyro.lib(gyro.o)
    0x0800dc14   0x000004d0   Code   RO          375    i.init_cfg          cfg.o
    0x0800e0e4   0x000001c8   Code   RO          879    i.init_charge       charge.o
    0x0800e2ac   0x00000040   Code   RO         1143    i.init_doci_ir      action.o
    0x0800e2ec   0x0000005c   Code   RO          714    i.init_focus_task   navigation.o
    0x0800e348   0x000000c0   Code   RO          254    i.init_gyro_g       iclean.o
    0x0800e408   0x000002e4   Code   RO          715    i.init_navigate_gobal  navigation.o
    0x0800e6ec   0x00000234   Code   RO         3768    i.init_near_pid     pid.o
    0x0800e920   0x000000a0   Code   RO          716    i.init_near_wall_navi  navigation.o
    0x0800e9c0   0x00000134   Code   RO         3770    i.init_nearpid_differ  pid.o
    0x0800eaf4   0x00000194   Code   RO          257    i.init_sys          iclean.o
    0x0800ec88   0x000000c4   Code   RO           10    i.init_sys_sta      main.o
    0x0800ed4c   0x000008e4   Code   RO           11    i.init_sys_status   main.o
    0x0800f630   0x00000050   Code   RO         1144    i.insert_dock_ir    action.o
    0x0800f680   0x00000098   Code   RO         1145    i.insert_walk_fifo  action.o
    0x0800f718   0x0000000c   Code   RO          525    i.ir_dock_insight   sensers.o
    0x0800f724   0x000003f8   Code   RO          527    i.ir_parse          sensers.o
    0x0800fb1c   0x00000188   Code   RO          529    i.ir_recv_ext_config  sensers.o
    0x0800fca4   0x00000080   Code   RO          531    i.irda_timer_cfg    sensers.o
    0x0800fd24   0x00000054   Code   RO         1414    i.key_io_init       key.o
    0x0800fd78   0x00000298   Code   RO         1415    i.key_read          key.o
    0x08010010   0x00000050   Code   RO         4231    i.l_motor_set_pwm   motor.o
    0x08010060   0x00000024   Code   RO         4232    i.l_motor_stop      motor.o
    0x08010084   0x000003a4   Code   RO          968    i.libat_charge_task  libatcharge.o
    0x08010428   0x00000030   Code   RO         3630    i.log_printf        usart.o
    0x08010458   0x00000030   Code   RO         3631    i.log_printf1       usart.o
    0x08010488   0x000003e8   Code   RO         3771    i.m_speed_pid_ctrl  pid.o
    0x08010870   0x000002e4   Code   RO         3772    i.m_speed_pid_indep  pid.o
    0x08010b54   0x0000011c   Code   RO         4556    i.mac_dat_pro       test_mode.o
    0x08010c70   0x0000090c   Code   RO           12    i.main              main.o
    0x0801157c   0x00000064   Code   RO         5143    i.mcu_dp_bool_update  mcu_api.o
    0x080115e0   0x00000064   Code   RO         5144    i.mcu_dp_float_update  mcu_api.o
    0x08011644   0x00000074   Code   RO         5145    i.mcu_dp_raw_update  mcu_api.o
    0x080116b8   0x0000007c   Code   RO         5146    i.mcu_dp_value_update  mcu_api.o
    0x08011734   0x00000006   Code   RO         5147    i.mcu_get_dp_download_bool  mcu_api.o
    0x0801173a   0x00000014   Code   RO         5148    i.mcu_get_dp_download_raw  mcu_api.o
    0x0801174e   0x0000001e   Code   RO         5150    i.mcu_get_dp_download_value_littleindian  mcu_api.o
    0x0801176c   0x0000000c   Code   RO         5151    i.mcu_get_system_time  mcu_api.o
    0x08011778   0x0000000c   Code   RO         5152    i.mcu_get_wifi_work_state  mcu_api.o
    0x08011784   0x0000000c   Code   RO         5153    i.mcu_get_wifimode_flag  mcu_api.o
    0x08011790   0x00000030   Code   RO         5154    i.mcu_reset_wifi_module  mcu_api.o
    0x080117c0   0x00000040   Code   RO         5155    i.mcu_set_wifi_mode  mcu_api.o
    0x08011800   0x00000038   Code   RO         5156    i.mcu_sync_wifi_net_state  mcu_api.o
    0x08011838   0x00000198   Code   RO         5466    i.mcu_write_rtctime  protocol.o
    0x080119d0   0x00000464   Code   RO         1146    i.motor_back_off    action.o
    0x08011e34   0x00000478   Code   RO         1147    i.motor_coord_run_test  action.o
    0x080122ac   0x000000d0   Code   RO          880    i.motor_fw_charge   charge.o
    0x0801237c   0x00000e0c   Code   RO         1148    i.motor_go_edgeways  action.o
    0x08013188   0x000009ac   Code   RO         1149    i.motor_go_forwark  action.o
    0x08013b34   0x000001b0   Code   RO          819    i.motor_go_forwark_for_test  randclean.o
    0x08013ce4   0x000007f4   Code   RO         1150    i.motor_go_fw       action.o
    0x080144d8   0x0000062c   Code   RO         1152    i.motor_go_spot_task  action.o
    0x08014b04   0x00000310   Code   RO         4233    i.motor_run         motor.o
    0x08014e14   0x0000023c   Code   RO         1153    i.motor_single_run  action.o
    0x08015050   0x000000d8   Code   RO         4234    i.motor_timer_init  motor.o
    0x08015128   0x00000124   Code   RO         4235    i.motor_turn        motor.o
    0x0801524c   0x0000031c   Code   RO         4237    i.motor_turn_circle  motor.o
    0x08015568   0x000000c4   Code   RO         4238    i.motor_turn_dir    motor.o
    0x0801562c   0x00000168   Code   RO          882    i.motor_turn_lidar  charge.o
    0x08015794   0x0000009c   Code   RO         4239    i.motor_wheel_backward  motor.o
    0x08015830   0x0000009c   Code   RO         4240    i.motor_wheel_forward  motor.o
    0x080158cc   0x00000080   Code   RO         4241    i.motor_wheel_stop  motor.o
    0x0801594c   0x000000d0   Code   RO         4827    i.mpu6500_date_offset  mpu6500.o
    0x08015a1c   0x00000090   Code   RO         4831    i.mpy6500_read_gyro  mpu6500.o
    0x08015aac   0x00000020   Code   RO         4073    i.mstimeout         systick.o
    0x08015acc   0x00000044   Code   RO         5157    i.my_memcpy         mcu_api.o
    0x08015b10   0x00000988   Code   RO          717    i.navigat_init      navigation.o
    0x08016498   0x0000006c   Code   RO         3773    i.navigat_near_wall_pid  pid.o
    0x08016504   0x00000354   Code   RO         1154    i.near_large_round_360  action.o
    0x08016858   0x000003dc   Code   RO         5831    i.near_wall_pid     gyro.lib(gyro.o)
    0x08016c34   0x00000228   Code   RO         1156    i.nearwall_cross_map  action.o
    0x08016e5c   0x00000002   Code   RO         1076    i.ny3p_init         ny3p.o
    0x08016e5e   0x00000002   PAD
    0x08016e60   0x00000068   Code   RO         1077    i.ny3p_play         ny3p.o
    0x08016ec8   0x00000220   Code   RO         5835    i.p_gyro_calce      gyro.lib(gyro.o)
    0x080170e8   0x000000d8   Code   RO         3774    i.pd_gyro_int       pid.o
    0x080171c0   0x0000004c   Code   RO          533    i.printf_power_sta  sensers.o
    0x0801720c   0x00000048   Code   RO         4243    i.proc_back_pid     motor.o
    0x08017254   0x000000ac   Code   RO         4558    i.proc_bd_test_mode  test_mode.o
    0x08017300   0x00001900   Code   RO         4559    i.proc_bdtest_task  test_mode.o
    0x08018c00   0x0000012c   Code   RO         4560    i.proc_burn_in_init  test_mode.o
    0x08018d2c   0x00000428   Code   RO          883    i.proc_charge_task  charge.o
    0x08019154   0x000001b4   Code   RO         4562    i.proc_com_test_mode  test_mode.o
    0x08019308   0x000003b8   Code   RO         1158    i.proc_doc_ir       action.o
    0x080196c0   0x000000f8   Code   RO         1160    i.proc_dock_near_bum  action.o
    0x080197b8   0x000007a8   Code   RO         1425    i.proc_key_task     key.o
    0x08019f60   0x000000b0   Code   RO         4244    i.proc_line_pid     motor.o
    0x0801a010   0x0000117c   Code   RO         4563    i.proc_mactest_task  test_mode.o
    0x0801b18c   0x00000334   Code   RO         1161    i.proc_motor_run_task  action.o
    0x0801b4c0   0x00000070   Code   RO          720    i.proc_navigat_task  navigation.o
    0x0801b530   0x00000124   Code   RO         3776    i.proc_nearwall_pid  pid.o
    0x0801b654   0x0000014c   Code   RO          820    i.proc_random_task  randclean.o
    0x0801b7a0   0x000029b0   Code   RO          474    i.proc_rx_msg       task_rx.o
    0x0801e150   0x000001ec   Code   RO         3632    i.proc_uart_task    usart.o
    0x0801e33c   0x0000014c   Code   RO         1427    i.proc_wifiled_task  key.o
    0x0801e488   0x000004e8   Code   RO          721    i.proc_z_go_bum     navigation.o
    0x0801e970   0x00000014   Code   RO         3633    i.put_usart3        usart.o
    0x0801e984   0x00000044   Code   RO         4245    i.r_motor_set_pwm   motor.o
    0x0801e9c8   0x00000024   Code   RO         4246    i.r_motor_stop      motor.o
    0x0801e9ec   0x00000194   Code   RO         1428    i.ramote_pair_mode  key.o
    0x0801eb80   0x00000018   Code   RO          377    i.read_Flashbuf     cfg.o
    0x0801eb98   0x00000038   Code   RO          534    i.read_ir_data      sensers.o
    0x0801ebd0   0x0000004c   Code   RO          535    i.read_ir_data_timeout  sensers.o
    0x0801ec1c   0x000000d8   Code   RO          536    i.read_ir_dock_knk  sensers.o
    0x0801ecf4   0x00000028   Code   RO          537    i.read_ir_original_data  sensers.o
    0x0801ed1c   0x00000034   Code   RO         1162    i.reset_angle       action.o
    0x0801ed50   0x00000404   Code   RO          378    i.reset_cfg         cfg.o
    0x0801f154   0x0000006c   Code   RO         1163    i.reset_gyro        action.o
    0x0801f1c0   0x0000003c   Code   RO          260    i.robot_run_ctrl    iclean.o
    0x0801f1fc   0x00000510   Code   RO         1165    i.robot_turn_deg    action.o
    0x0801f70c   0x0000042c   Code   RO          822    i.robot_usart_test_cmd  randclean.o
    0x0801fb38   0x00000010   Code   RO         1103    i.robot_whele_stop  map.o
    0x0801fb48   0x000000bc   Code   RO          475    i.rx_usart          task_rx.o
    0x0801fc04   0x00000074   Code   RO          379    i.save_cfg          cfg.o
    0x0801fc78   0x00000032   Code   RO         4932    i.send_dp_led_err_contrl  dispprot.o
    0x0801fcaa   0x00000002   PAD
    0x0801fcac   0x00000170   Code   RO          539    i.senser_gpio_config  sensers.o
    0x0801fe1c   0x000000f4   Code   RO         5839    i.set_compress_mem  gyro.lib(gyro.o)
    0x0801ff10   0x00000014   Code   RO         4933    i.set_err_sta       dispprot.o
    0x0801ff24   0x00000038   Code   RO          540    i.set_ir_alter_dis  sensers.o
    0x0801ff5c   0x00000056   Code   RO         4934    i.set_led_sta       dispprot.o
    0x0801ffb2   0x00000002   PAD
    0x0801ffb4   0x00000760   Code   RO         4247    i.set_mode_and_power_pro  motor.o
    0x08020714   0x00000028   Code   RO         4564    i.set_remote_flag   test_mode.o
    0x0802073c   0x0000001e   Code   RO         4935    i.set_u16_bit_sta   dispprot.o
    0x0802075a   0x00000002   PAD
    0x0802075c   0x000001a4   Code   RO          884    i.set_walk_angle    charge.o
    0x08020900   0x00000028   Code   RO         5735    i.set_wifi_uart_buffer  system.o
    0x08020928   0x00000010   Code   RO         5736    i.set_wifi_uart_byte  system.o
    0x08020938   0x000000a0   Code   RO         6092    i.sin               m_ws.l(sin.o)
    0x080209d8   0x000001b8   Code   RO         3778    i.single_whele_pid  pid.o
    0x08020b90   0x00000074   Code   RO         4565    i.sn_print          test_mode.o
    0x08020c04   0x00000020   Code   RO         4490    i.spi_cs            spi.o
    0x08020c24   0x0000007c   Code   RO         4491    i.spi_master        spi.o
    0x08020ca0   0x00000018   Code   RO         5163    i.stream_start      mcu_api.o
    0x08020cb8   0x00000078   Code   RO         5164    i.stream_stop       mcu_api.o
    0x08020d30   0x00000084   Code   RO         5165    i.stream_trans      mcu_api.o
    0x08020db4   0x0000008c   Code   RO         4567    i.test_mode_ul      test_mode.o
    0x08020e40   0x000000b8   Code   RO          476    i.test_seft_task    task_rx.o
    0x08020ef8   0x000000ac   Code   RO         4248    i.timer1_init       motor.o
    0x08020fa4   0x000000a4   Code   RO         4249    i.timer2_init       motor.o
    0x08021048   0x0000003c   Code   RO         4074    i.timer5_config     systick.o
    0x08021084   0x000000cc   Code   RO         4568    i.tmod_rx_uart      test_mode.o
    0x08021150   0x00000308   Code   RO         1167    i.turn_check_bum_pro  action.o
    0x08021458   0x0000022c   Code   RO         1168    i.turn_deg_test     action.o
    0x08021684   0x00000188   Code   RO         4075    i.turn_delay        systick.o
    0x0802180c   0x00000154   Code   RO         3780    i.turn_round_pid    pid.o
    0x08021960   0x00000714   Code   RO         1169    i.turn_to_deg       action.o
    0x08022074   0x000004e4   Code   RO         1170    i.turn_to_deg_on_dir  action.o
    0x08022558   0x000000c8   Code   RO         4569    i.tx_com_beep       test_mode.o
    0x08022620   0x00000072   Code   RO         4571    i.tx_com_dat        test_mode.o
    0x08022692   0x00000044   Code   RO         4572    i.tx_com_mac_dat    test_mode.o
    0x080226d6   0x00000056   Code   RO         4573    i.tx_dp_dat         test_mode.o
    0x0802272c   0x00000038   Code   RO          477    i.tx_msg            task_rx.o
    0x08022764   0x000000b8   Code   RO          478    i.tx_robot_msg      task_rx.o
    0x0802281c   0x00000062   Code   RO         4576    i.tx_sn             test_mode.o
    0x0802287e   0x00000002   PAD
    0x08022880   0x00000064   Code   RO         5166    i.uart_receive_input  mcu_api.o
    0x080228e4   0x0000000c   Code   RO         5468    i.uart_transmit_output  protocol.o
    0x080228f0   0x0000007c   Code   RO         5471    i.update_coordinate  protocol.o
    0x0802296c   0x0000006c   Code   RO         5482    i.update_wheelspeed  protocol.o
    0x080229d8   0x00000090   Code   RO         3634    i.usart1_init       usart.o
    0x08022a68   0x000000c4   Code   RO         3635    i.usart3_init       usart.o
    0x08022b2c   0x00000090   Code   RO         3637    i.usart4_init       usart.o
    0x08022bbc   0x00000050   Code   RO         3638    i.usart4_read       usart.o
    0x08022c0c   0x0000001c   Code   RO         3639    i.usart4_sndbyte    usart.o
    0x08022c28   0x00000078   Code   RO         3640    i.usart4_write      usart.o
    0x08022ca0   0x00000014   Code   RO         3641    i.usart_init_info   usart.o
    0x08022cb4   0x0000001a   Code   RO         3642    i.usart_write       usart.o
    0x08022cce   0x00000002   PAD
    0x08022cd0   0x0000081c   Code   RO         5483    i.wifi_daemon_pro   protocol.o
    0x080234ec   0x00000228   Code   RO         1171    i.wifi_motor_single_run  action.o
    0x08023714   0x00000038   Code   RO         5167    i.wifi_protocol_init  mcu_api.o
    0x0802374c   0x00000028   Code   RO         5484    i.wifi_set_apmode   protocol.o
    0x08023774   0x0000010c   Code   RO         5485    i.wifi_sync_state_pro  protocol.o
    0x08023880   0x0000016c   Code   RO         5168    i.wifi_uart_service  mcu_api.o
    0x080239ec   0x00000044   Code   RO         5737    i.wifi_uart_write_cmd  system.o
    0x08023a30   0x00000024   Code   RO         5738    i.wifi_uart_write_data  system.o
    0x08023a54   0x00000044   Code   RO         5739    i.wifi_uart_write_frame  system.o
    0x08023a98   0x00000158   Code   RO         5488    i.wifi_updata_clean_record  protocol.o
    0x08023bf0   0x00000194   Code   RO         5842    i.www_idleintel_com  gyro.lib(gyro.o)
    0x08023d84   0x00000044   Code   RO         4775    i.xmodem_default    bootloader.o
    0x08023dc8   0x00000006   Data   RO         4937    .constdata          dispprot.o
    0x08023dce   0x00000033   Data   RO         5490    .constdata          protocol.o
    0x08023e01   0x00000003   PAD
    0x08023e04   0x0000008a   Data   RO         5850    .constdata          gyro.lib(gyro.o)
    0x08023e8e   0x0000000c   Data   RO         6118    .constdata          mc_w.l(mktime.o)
    0x08023e9a   0x00000006   PAD
    0x08023ea0   0x00000030   Data   RO         6430    .constdata          m_ws.l(cos_i.o)
    0x08023ed0   0x000000c8   Data   RO         6448    .constdata          m_ws.l(rred.o)
    0x08023f98   0x00000028   Data   RO         6452    .constdata          m_ws.l(sin_i.o)
    0x08023fc0   0x0000000c   Data   RO         6488    .constdata          mc_w.l(localtime_i.o)
    0x08023fcc   0x000000f6   Data   RO           14    .conststring        main.o
    0x080240c2   0x00000002   PAD
    0x080240c4   0x0000008e   Data   RO          723    .conststring        navigation.o
    0x08024152   0x00000002   PAD
    0x08024154   0x000000e1   Data   RO          886    .conststring        charge.o
    0x08024235   0x00000003   PAD
    0x08024238   0x000002ed   Data   RO         1173    .conststring        action.o
    0x08024525   0x00000003   PAD
    0x08024528   0x00000006   Data   RO         3782    .conststring        pid.o
    0x0802452e   0x00000002   PAD
    0x08024530   0x00000088   Data   RO         4251    .conststring        motor.o
    0x080245b8   0x0000004a   Data   RO         5491    .conststring        protocol.o
    0x08024602   0x00000002   PAD
    0x08024604   0x00000030   Data   RO         6554    Region$$Table       anon$$obj.o


    Execution Region RW_IRAM1 (Base: 0x20000000, Size: 0x0000b8e8, Max: 0x0000f800, ABSOLUTE, COMPRESSED[0x000002c8])

    Base Addr    Size         Type   Attr      Idx    E Section Name        Object

    0x20000000   0x00000005   Data   RW           15    .data               main.o
    0x20000005   0x00000003   PAD
    0x20000008   0x00000022   Data   RW          266    .data               iclean.o
    0x2000002a   0x00000002   PAD
    0x2000002c   0x00000008   Data   RW          381    .data               cfg.o
    0x20000034   0x00000010   Data   RW          480    .data               task_rx.o
    0x20000044   0x00000154   Data   RW          545    .data               sensers.o
    0x20000198   0x00000010   Data   RW          724    .data               navigation.o
    0x200001a8   0x00000028   Data   RW          826    .data               randclean.o
    0x200001d0   0x0000006c   Data   RW          887    .data               charge.o
    0x2000023c   0x000000cc   Data   RW          970    .data               libatcharge.o
    0x20000308   0x0000001c   Data   RW         1174    .data               action.o
    0x20000324   0x00000027   Data   RW         1429    .data               key.o
    0x2000034b   0x00000014   Data   RW         1550    .data               stm32f10x_rcc.o
    0x2000035f   0x00000001   PAD
    0x20000360   0x00000014   Data   RW         3564    .data               system_stm32f10x.o
    0x20000374   0x00000012   Data   RW         3644    .data               usart.o
    0x20000386   0x00000002   PAD
    0x20000388   0x0000009f   Data   RW         3783    .data               pid.o
    0x20000427   0x00000001   PAD
    0x20000428   0x00000016   Data   RW         4076    .data               systick.o
    0x2000043e   0x00000002   PAD
    0x20000440   0x00000039   Data   RW         4252    .data               motor.o
    0x20000479   0x00000003   PAD
    0x2000047c   0x00000008   Data   RW         4387    .data               i2c.o
    0x20000484   0x000000c4   Data   RW         4580    .data               test_mode.o
    0x20000548   0x0000001c   Data   RW         4776    .data               bootloader.o
    0x20000564   0x00000028   Data   RW         4834    .data               mpu6500.o
    0x2000058c   0x00000032   Data   RW         4938    .data               dispprot.o
    0x200005be   0x00000002   Data   RW         5169    .data               mcu_api.o
    0x200005c0   0x0000008a   Data   RW         5492    .data               protocol.o
    0x2000064a   0x00000002   PAD
    0x2000064c   0x0000000f   Data   RW         5741    .data               system.o
    0x2000065b   0x00000001   PAD
    0x2000065c   0x0000021c   Data   RW         5852    .data               gyro.lib(gyro.o)
    0x20000878   0x00000004   Data   RW         6111    .data               mc_w.l(rand.o)
    0x2000087c   0x00000004   Data   RW         6493    .data               mc_w.l(errno.o)
    0x20000880   0x0000133c   Zero   RW          265    .bss                iclean.o
    0x20001bbc   0x0000025c   Zero   RW          380    .bss                cfg.o
    0x20001e18   0x0000010a   Zero   RW          479    .bss                task_rx.o
    0x20001f22   0x00000002   PAD
    0x20001f24   0x00000058   Zero   RW          544    .bss                sensers.o
    0x20001f7c   0x00004a24   Zero   RW          722    .bss                navigation.o
    0x200069a0   0x0000000c   Zero   RW          825    .bss                randclean.o
    0x200069ac   0x0000001c   Zero   RW          885    .bss                charge.o
    0x200069c8   0x0000005c   Zero   RW          969    .bss                libatcharge.o
    0x20006a24   0x000005be   Zero   RW         1172    .bss                action.o
    0x20006fe2   0x00000022   Zero   RW         3597    .bss                adc.o
    0x20007004   0x000009c0   Zero   RW         3643    .bss                usart.o
    0x200079c4   0x00000338   Zero   RW         3781    .bss                pid.o
    0x20007cfc   0x0000001c   Zero   RW         4250    .bss                motor.o
    0x20007d18   0x000001d4   Zero   RW         4578    .bss                test_mode.o
    0x20007eec   0x0000001c   Zero   RW         4833    .bss                mpu6500.o
    0x20007f08   0x00000028   Zero   RW         4936    .bss                dispprot.o
    0x20007f30   0x00000320   Zero   RW         5489    .bss                protocol.o
    0x20008250   0x00000341   Zero   RW         5740    .bss                system.o
    0x20008591   0x00000003   PAD
    0x20008594   0x00002f28   Zero   RW         5849    .bss                gyro.lib(gyro.o)
    0x2000b4bc   0x0000002c   Zero   RW         6485    .bss                mc_w.l(localtime_w.o)
    0x2000b4e8   0x00000400   Zero   RW            1    STACK               startup_stm32f10x_hd.o


    Execution Region RW_IRAM2 (Base: 0x2000f800, Size: 0x00000650, Max: 0x00000800, ABSOLUTE)

    Base Addr    Size         Type   Attr      Idx    E Section Name        Object

    0x2000f800   0x000004c4   Code   RO         4773    RAMCODE             bootloader.o
    0x2000fcc4   0x0000000c   Code   RO         3148    i.FLASH_ClearFlag   stm32f10x_flash.o
    0x2000fcd0   0x0000004c   Code   RO         3153    i.FLASH_ErasePage   stm32f10x_flash.o
    0x2000fd1c   0x00000034   Code   RO         3154    i.FLASH_GetBank1Status  stm32f10x_flash.o
    0x2000fd50   0x00000014   Code   RO         3163    i.FLASH_Lock        stm32f10x_flash.o
    0x2000fd64   0x00000040   Code   RO         3166    i.FLASH_ProgramHalfWord  stm32f10x_flash.o
    0x2000fda4   0x0000006c   Code   RO         3168    i.FLASH_ProgramWord  stm32f10x_flash.o
    0x2000fe10   0x00000018   Code   RO         3171    i.FLASH_Unlock      stm32f10x_flash.o
    0x2000fe28   0x00000026   Code   RO         3175    i.FLASH_WaitForLastOperation  stm32f10x_flash.o


==============================================================================

Image component sizes


      Code (inc. data)   RO Data    RW Data    ZI Data      Debug   Object Name

     23212       4576        749         28       1470      27373   action.o
       504         26          0          0         34       1954   adc.o
      1560        154          0         28          0       5213   bootloader.o
      1176         56          0          0          0      19427   bsp.o
      2400        138          0          8        604       6766   cfg.o
      8088       2188        225        108         28      10155   charge.o
      8778       1706          6         50         40      16882   dispprot.o
      1132         88          0          8          0       8068   i2c.o
       684         50          0         34       4924      11164   iclean.o
      3540       1004          0         39          0       7701   key.o
      1456        326          0        204         92       7893   libatcharge.o
      4788       1278        246          5          0     312217   main.o
       164         22          0          0          0       2374   map.o
      1564        222          0          2          0      27738   mcu_api.o
       132         22          0          0          0       1395   misc.o
      5644       1236        136         57         28      16023   motor.o
       832        102          0         40         28       6663   mpu6500.o
      4870       1194        142         16      18980      23259   navigation.o
       106         24          0          0          0        860   ny3p.o
      4808        758          6        159        824      26989   pid.o
     10080       3040        125        138        800      28677   protocol.o
      1868        330          0         40         12       3217   randclean.o
       184          0          0          0          0       2928   ringbuffer.o
       130          0          0          0          0       3757   rtc_lib.o
     11932       1960          0        340         88      24195   sensers.o
       300         30          0          0          0       1611   spi.o
        36          8        304          0       1024        824   startup_stm32f10x_hd.o
       528         24          0          0          0       8648   stm32f10x_adc.o
        72         10          0          0          0       2500   stm32f10x_bkp.o
       488         26          0          0          0       4280   stm32f10x_dma.o
       264         32          0          0          0       3293   stm32f10x_exti.o
       394         42          0          0          0       5636   stm32f10x_flash.o
       522         10          0          0          0       5324   stm32f10x_gpio.o
       766         82          0          0          0      10400   stm32f10x_it.o
        12          6          0          0          0        470   stm32f10x_pwr.o
       544         82          0         20          0       8732   stm32f10x_rcc.o
       192         38          0          0          0       3699   stm32f10x_rtc.o
      1518        156          0          0          0      10970   stm32f10x_tim.o
       590         28          0          0          0       6325   stm32f10x_usart.o
        92         12          0          0          0        543   sys.o
      1004        220          0         15        833       8105   system.o
       328         28          0         20          0       2061   system_stm32f10x.o
      1344        204          0         22          0      21712   systick.o
     11284       2964          0         16        266       7420   task_rx.o
     14722        910          0        196        468      30618   test_mode.o
      1926        248          0         18       2496      11501   usart.o

    ----------------------------------------------------------------------
    136690      25660       2004       1628      33044     757560   Object Totals
        60          0         48          0          0          0   (incl. Generated)
        72          0         17         17          5          0   (incl. Padding)

    ----------------------------------------------------------------------

      Code (inc. data)   RO Data    RW Data    ZI Data      Debug   Library Member Name

      4368        866        138        540      12072      25884   gyro.o
       156          8          0          0          0        104   cos.o
       252         22         48          0          0        124   cos_i.o
        34          6          0          0          0        204   dunder.o
        40          0          0          0          0         68   fpclassify.o
       170          0          0          0          0         96   poly.o
       904         76        200          0          0        140   rred.o
       160         10          0          0          0        108   sin.o
       236         12         40          0          0        128   sin_i.o
        86          0          0          0          0          0   __dczerorl2.o
         0          0          0          0          0          0   entry.o
         0          0          0          0          0          0   entry10a.o
         0          0          0          0          0          0   entry11a.o
         8          4          0          0          0          0   entry2.o
         4          0          0          0          0          0   entry5.o
         0          0          0          0          0          0   entry7b.o
         0          0          0          0          0          0   entry8b.o
         8          4          0          0          0          0   entry9a.o
        12          6          0          4          0         68   errno.o
        30          0          0          0          0          0   handlers.o
        36          8          0          0          0         68   init.o
         0          0          0          0          0          0   iusefp.o
        30          0          0          0          0         68   llshl.o
        36          0          0          0          0         68   llsshr.o
        32          0          0          0          0         68   llushr.o
       140          6         12          0          0         76   localtime_i.o
        12          6          0          0         44         68   localtime_w.o
        36          0          0          0          0         68   memcpya.o
        36          0          0          0          0        108   memseta.o
       168         18         12          0          0         80   mktime.o
      2312         92          0          0          0        600   printfa.o
        36         10          0          4          0        136   rand.o
        14          0          0          0          0         68   strlen.o
        44          0          0          0          0         80   uidiv.o
        98          0          0          0          0         92   uldiv.o
        48          0          0          0          0         68   cdrcmple.o
        20          0          0          0          0         68   cfcmple.o
        20          0          0          0          0         68   cfrcmple.o
        56          0          0          0          0         88   d2f.o
       334          0          0          0          0        148   dadd.o
       222          0          0          0          0        100   ddiv.o
       186          0          0          0          0        176   depilogue.o
        62          0          0          0          0         80   dfixi.o
        50          0          0          0          0         76   dfixui.o
        48          0          0          0          0         68   dfixul.o
        34          0          0          0          0         76   dflti.o
        26          0          0          0          0         76   dfltui.o
       228          0          0          0          0         96   dmul.o
        46          0          0          0          0         80   dscalb.o
        38          0          0          0          0         68   f2d.o
       176          0          0          0          0        140   fadd.o
       124          0          0          0          0         88   fdiv.o
       110          0          0          0          0        168   fepilogue.o
        50          0          0          0          0         68   ffixi.o
        18          0          0          0          0         68   fflti.o
        10          0          0          0          0         68   ffltui.o
       100          0          0          0          0         76   fmul.o

    ----------------------------------------------------------------------
     11510       1154        456        548      12116      30584   Library Totals
         6          0          6          0          0          0   (incl. Padding)

    ----------------------------------------------------------------------

      Code (inc. data)   RO Data    RW Data    ZI Data      Debug   Library Name

      4368        866        138        540      12072      25884   gyro.lib
      1952        134        288          0          0        972   m_ws.l
      3178        154         24          8         44       1716   mc_w.l
      2006          0          0          0          0       2012   mf_w.l

    ----------------------------------------------------------------------
     11510       1154        456        548      12116      30584   Library Totals

    ----------------------------------------------------------------------

==============================================================================


      Code (inc. data)   RO Data    RW Data    ZI Data      Debug   

    148200      26814       2460       2176      45160     762740   Grand Totals
    148200      26814       2460        712      45160     762740   ELF Image Totals (compressed)
    148200      26814       2460        712          0          0   ROM Totals

==============================================================================

    Total RO  Size (Code + RO Data)               150660 ( 147.13kB)
    Total RW  Size (RW Data + ZI Data)             47336 (  46.23kB)
    Total ROM Size (Code + RO Data + RW Data)     151372 ( 147.82kB)

==============================================================================

